[0.180s] Invoking command in '/home/robo/ArduinoAndROS2Communication/build/custom_interfaces': CMAKE_PREFIX_PATH=/opt/ros/humble /usr/bin/cmake /home/robo/ArduinoAndROS2Communication/src/custom_interfaces -DCMAKE_INSTALL_PREFIX=/home/robo/ArduinoAndROS2Communication/install/custom_interfaces
[0.188s] -- Found ament_cmake: 1.3.9 (/opt/ros/humble/share/ament_cmake/cmake)
[0.276s] -- Override CMake install command with custom implementation using symlinks instead of copying resources
[0.280s] -- Found rosidl_default_generators: 1.2.0 (/opt/ros/humble/share/rosidl_default_generators/cmake)
[0.281s] -- Using all available rosidl_typesupport_c: rosidl_typesupport_fastrtps_c;rosidl_typesupport_introspection_c
[0.283s] -- Found rosidl_adapter: 3.1.5 (/opt/ros/humble/share/rosidl_adapter/cmake)
[0.303s] -- Using all available rosidl_typesupport_cpp: rosidl_typesupport_fastrtps_cpp;rosidl_typesupport_introspection_cpp
[0.510s] -- Found ament_cmake_ros: 0.10.0 (/opt/ros/humble/share/ament_cmake_ros/cmake)
[0.642s] -- Using all available rosidl_typesupport_c: rosidl_typesupport_fastrtps_c;rosidl_typesupport_introspection_c
[0.814s] -- Using all available rosidl_typesupport_cpp: rosidl_typesupport_fastrtps_cpp;rosidl_typesupport_introspection_cpp
[0.831s] -- Found python_cmake_module: 0.10.0 (/opt/ros/humble/share/python_cmake_module/cmake)
[0.849s] -- Using PYTHON_EXECUTABLE: /usr/bin/python3
[0.849s] -- Using PYTHON_INCLUDE_DIRS: /usr/include/python3.10
[0.849s] -- Using PYTHON_LIBRARIES: /usr/lib/x86_64-linux-gnu/libpython3.10.so
[0.857s] -- Found ament_lint_auto: 0.12.11 (/opt/ros/humble/share/ament_lint_auto/cmake)
[0.863s] -- Added test 'lint_cmake' to check CMake code style
[0.863s] -- Added test 'xmllint' to check XML markup files
[0.865s] -- Configuring done
[0.882s] -- Generating done
[0.884s] -- Build files have been written to: /home/robo/ArduinoAndROS2Communication/build/custom_interfaces
[0.889s] Invoked command in '/home/robo/ArduinoAndROS2Communication/build/custom_interfaces' returned '0': CMAKE_PREFIX_PATH=/opt/ros/humble /usr/bin/cmake /home/robo/ArduinoAndROS2Communication/src/custom_interfaces -DCMAKE_INSTALL_PREFIX=/home/robo/ArduinoAndROS2Communication/install/custom_interfaces
[0.890s] Invoking command in '/home/robo/ArduinoAndROS2Communication/build/custom_interfaces': CMAKE_PREFIX_PATH=/opt/ros/humble /usr/bin/cmake --build /home/robo/ArduinoAndROS2Communication/build/custom_interfaces -- -j8 -l8
[0.918s] [35m[1mConsolidate compiler generated dependencies of target custom_interfaces__rosidl_generator_c[0m
[0.926s] [  3%] Built target custom_interfaces__cpp
[0.929s] [ 12%] Built target custom_interfaces__rosidl_generator_c
[0.939s] [ 12%] Built target ament_cmake_python_symlink_custom_interfaces
[0.939s] [35m[1mConsolidate compiler generated dependencies of target custom_interfaces__rosidl_typesupport_introspection_cpp[0m
[0.939s] [35m[1mConsolidate compiler generated dependencies of target custom_interfaces__rosidl_typesupport_fastrtps_cpp[0m
[0.939s] [35m[1mConsolidate compiler generated dependencies of target custom_interfaces__rosidl_typesupport_cpp[0m
[0.946s] [35m[1mConsolidate compiler generated dependencies of target custom_interfaces__rosidl_typesupport_introspection_c[0m
[0.946s] [35m[1mConsolidate compiler generated dependencies of target custom_interfaces__rosidl_typesupport_c[0m
[0.946s] [35m[1mConsolidate compiler generated dependencies of target custom_interfaces__rosidl_typesupport_fastrtps_c[0m
[0.954s] [ 32%] Built target custom_interfaces__rosidl_typesupport_cpp
[0.954s] [ 32%] Built target custom_interfaces__rosidl_typesupport_fastrtps_cpp
[0.956s] [ 45%] Built target custom_interfaces__rosidl_typesupport_fastrtps_c
[0.956s] [ 51%] Built target custom_interfaces__rosidl_typesupport_introspection_c
[0.958s] [ 70%] Built target custom_interfaces__rosidl_typesupport_c
[0.958s] [ 70%] Built target custom_interfaces__rosidl_typesupport_introspection_cpp
[0.973s] [ 70%] Built target custom_interfaces
[0.988s] [ 74%] Built target custom_interfaces__py
[0.997s] [35m[1mConsolidate compiler generated dependencies of target custom_interfaces__rosidl_generator_py[0m
[1.007s] [ 80%] Built target custom_interfaces__rosidl_generator_py
[1.016s] [35m[1mConsolidate compiler generated dependencies of target custom_interfaces__rosidl_typesupport_introspection_c__pyext[0m
[1.019s] [35m[1mConsolidate compiler generated dependencies of target custom_interfaces__rosidl_typesupport_c__pyext[0m
[1.020s] [35m[1mConsolidate compiler generated dependencies of target custom_interfaces__rosidl_typesupport_fastrtps_c__pyext[0m
[1.031s] [ 87%] Built target custom_interfaces__rosidl_typesupport_introspection_c__pyext
[1.031s] [ 93%] Built target custom_interfaces__rosidl_typesupport_c__pyext
[1.031s] [100%] Built target custom_interfaces__rosidl_typesupport_fastrtps_c__pyext
[1.155s] running egg_info
[1.155s] writing custom_interfaces.egg-info/PKG-INFO
[1.155s] writing dependency_links to custom_interfaces.egg-info/dependency_links.txt
[1.155s] writing top-level names to custom_interfaces.egg-info/top_level.txt
[1.157s] reading manifest file 'custom_interfaces.egg-info/SOURCES.txt'
[1.157s] writing manifest file 'custom_interfaces.egg-info/SOURCES.txt'
[1.178s] [100%] Built target ament_cmake_python_build_custom_interfaces_egg
[1.186s] Invoked command in '/home/robo/ArduinoAndROS2Communication/build/custom_interfaces' returned '0': CMAKE_PREFIX_PATH=/opt/ros/humble /usr/bin/cmake --build /home/robo/ArduinoAndROS2Communication/build/custom_interfaces -- -j8 -l8
[1.230s] Invoking command in '/home/robo/ArduinoAndROS2Communication/build/custom_interfaces': CMAKE_PREFIX_PATH=/opt/ros/humble /usr/bin/cmake --install /home/robo/ArduinoAndROS2Communication/build/custom_interfaces
[1.235s] -- Install configuration: ""
[1.235s] -- Execute custom install script
[1.235s] -- Up-to-date symlink: /home/robo/ArduinoAndROS2Communication/install/custom_interfaces/share/ament_index/resource_index/rosidl_interfaces/custom_interfaces
[1.235s] -- Up-to-date symlink: /home/robo/ArduinoAndROS2Communication/install/custom_interfaces/include/custom_interfaces/custom_interfaces/msg/detail/robot_state__functions.h
[1.236s] -- Up-to-date symlink: /home/robo/ArduinoAndROS2Communication/install/custom_interfaces/include/custom_interfaces/custom_interfaces/msg/detail/robot_state__struct.h
[1.236s] -- Up-to-date symlink: /home/robo/ArduinoAndROS2Communication/install/custom_interfaces/include/custom_interfaces/custom_interfaces/msg/detail/robot_state__type_support.h
[1.236s] -- Up-to-date symlink: /home/robo/ArduinoAndROS2Communication/install/custom_interfaces/include/custom_interfaces/custom_interfaces/msg/robot_state.h
[1.236s] -- Up-to-date symlink: /home/robo/ArduinoAndROS2Communication/install/custom_interfaces/include/custom_interfaces/custom_interfaces/msg/rosidl_generator_c__visibility_control.h
[1.236s] -- Up-to-date symlink: /home/robo/ArduinoAndROS2Communication/install/custom_interfaces/share/custom_interfaces/environment/library_path.sh
[1.236s] -- Up-to-date symlink: /home/robo/ArduinoAndROS2Communication/install/custom_interfaces/share/custom_interfaces/environment/library_path.dsv
[1.236s] -- Up-to-date symlink: /home/robo/ArduinoAndROS2Communication/install/custom_interfaces/include/custom_interfaces/custom_interfaces/msg/detail/robot_state__rosidl_typesupport_fastrtps_c.h
[1.236s] -- Up-to-date symlink: /home/robo/ArduinoAndROS2Communication/install/custom_interfaces/include/custom_interfaces/custom_interfaces/msg/rosidl_typesupport_fastrtps_c__visibility_control.h
[1.236s] -- Up-to-date symlink: /home/robo/ArduinoAndROS2Communication/install/custom_interfaces/include/custom_interfaces/custom_interfaces/msg/detail/robot_state__rosidl_typesupport_introspection_c.h
[1.237s] -- Up-to-date symlink: /home/robo/ArduinoAndROS2Communication/install/custom_interfaces/include/custom_interfaces/custom_interfaces/msg/rosidl_typesupport_introspection_c__visibility_control.h
[1.237s] -- Up-to-date symlink: /home/robo/ArduinoAndROS2Communication/install/custom_interfaces/include/custom_interfaces/custom_interfaces/msg/detail/robot_state__builder.hpp
[1.237s] -- Up-to-date symlink: /home/robo/ArduinoAndROS2Communication/install/custom_interfaces/include/custom_interfaces/custom_interfaces/msg/detail/robot_state__struct.hpp
[1.237s] -- Up-to-date symlink: /home/robo/ArduinoAndROS2Communication/install/custom_interfaces/include/custom_interfaces/custom_interfaces/msg/detail/robot_state__traits.hpp
[1.237s] -- Up-to-date symlink: /home/robo/ArduinoAndROS2Communication/install/custom_interfaces/include/custom_interfaces/custom_interfaces/msg/robot_state.hpp
[1.237s] -- Up-to-date symlink: /home/robo/ArduinoAndROS2Communication/install/custom_interfaces/include/custom_interfaces/custom_interfaces/msg/detail/robot_state__rosidl_typesupport_fastrtps_cpp.hpp
[1.237s] -- Up-to-date symlink: /home/robo/ArduinoAndROS2Communication/install/custom_interfaces/include/custom_interfaces/custom_interfaces/msg/rosidl_typesupport_fastrtps_cpp__visibility_control.h
[1.237s] -- Up-to-date symlink: /home/robo/ArduinoAndROS2Communication/install/custom_interfaces/include/custom_interfaces/custom_interfaces/msg/detail/robot_state__rosidl_typesupport_introspection_cpp.hpp
[1.238s] -- Up-to-date symlink: /home/robo/ArduinoAndROS2Communication/install/custom_interfaces/share/custom_interfaces/environment/pythonpath.sh
[1.238s] -- Up-to-date symlink: /home/robo/ArduinoAndROS2Communication/install/custom_interfaces/share/custom_interfaces/environment/pythonpath.dsv
[1.238s] -- Up-to-date symlink: /home/robo/ArduinoAndROS2Communication/install/custom_interfaces/local/lib/python3.10/dist-packages/custom_interfaces-0.0.0-py3.10.egg-info/PKG-INFO
[1.238s] -- Up-to-date symlink: /home/robo/ArduinoAndROS2Communication/install/custom_interfaces/local/lib/python3.10/dist-packages/custom_interfaces-0.0.0-py3.10.egg-info/SOURCES.txt
[1.238s] -- Up-to-date symlink: /home/robo/ArduinoAndROS2Communication/install/custom_interfaces/local/lib/python3.10/dist-packages/custom_interfaces-0.0.0-py3.10.egg-info/dependency_links.txt
[1.238s] -- Up-to-date symlink: /home/robo/ArduinoAndROS2Communication/install/custom_interfaces/local/lib/python3.10/dist-packages/custom_interfaces-0.0.0-py3.10.egg-info/top_level.txt
[1.239s] -- Up-to-date symlink: /home/robo/ArduinoAndROS2Communication/install/custom_interfaces/local/lib/python3.10/dist-packages/custom_interfaces/__init__.py
[1.239s] -- Up-to-date symlink: /home/robo/ArduinoAndROS2Communication/install/custom_interfaces/local/lib/python3.10/dist-packages/custom_interfaces/_custom_interfaces_s.ep.rosidl_typesupport_c.c
[1.239s] -- Up-to-date symlink: /home/robo/ArduinoAndROS2Communication/install/custom_interfaces/local/lib/python3.10/dist-packages/custom_interfaces/_custom_interfaces_s.ep.rosidl_typesupport_fastrtps_c.c
[1.239s] -- Up-to-date symlink: /home/robo/ArduinoAndROS2Communication/install/custom_interfaces/local/lib/python3.10/dist-packages/custom_interfaces/_custom_interfaces_s.ep.rosidl_typesupport_introspection_c.c
[1.239s] -- Up-to-date symlink: /home/robo/ArduinoAndROS2Communication/install/custom_interfaces/local/lib/python3.10/dist-packages/custom_interfaces/custom_interfaces_s__rosidl_typesupport_c.cpython-310-x86_64-linux-gnu.so
[1.239s] -- Up-to-date symlink: /home/robo/ArduinoAndROS2Communication/install/custom_interfaces/local/lib/python3.10/dist-packages/custom_interfaces/custom_interfaces_s__rosidl_typesupport_fastrtps_c.cpython-310-x86_64-linux-gnu.so
[1.239s] -- Up-to-date symlink: /home/robo/ArduinoAndROS2Communication/install/custom_interfaces/local/lib/python3.10/dist-packages/custom_interfaces/custom_interfaces_s__rosidl_typesupport_introspection_c.cpython-310-x86_64-linux-gnu.so
[1.239s] -- Up-to-date symlink: /home/robo/ArduinoAndROS2Communication/install/custom_interfaces/local/lib/python3.10/dist-packages/custom_interfaces/libcustom_interfaces__rosidl_generator_py.so
[1.239s] -- Up-to-date symlink: /home/robo/ArduinoAndROS2Communication/install/custom_interfaces/local/lib/python3.10/dist-packages/custom_interfaces/msg/__init__.py
[1.240s] -- Up-to-date symlink: /home/robo/ArduinoAndROS2Communication/install/custom_interfaces/local/lib/python3.10/dist-packages/custom_interfaces/msg/_robot_state.py
[1.240s] -- Up-to-date symlink: /home/robo/ArduinoAndROS2Communication/install/custom_interfaces/local/lib/python3.10/dist-packages/custom_interfaces/msg/_robot_state_s.c
[1.240s] -- Up-to-date symlink: /home/robo/ArduinoAndROS2Communication/install/custom_interfaces/local/lib/python3.10/dist-packages/custom_interfaces/custom_interfaces_s__rosidl_typesupport_fastrtps_c.cpython-310-x86_64-linux-gnu.so
[1.240s] -- Up-to-date symlink: /home/robo/ArduinoAndROS2Communication/install/custom_interfaces/local/lib/python3.10/dist-packages/custom_interfaces/custom_interfaces_s__rosidl_typesupport_introspection_c.cpython-310-x86_64-linux-gnu.so
[1.240s] -- Up-to-date symlink: /home/robo/ArduinoAndROS2Communication/install/custom_interfaces/local/lib/python3.10/dist-packages/custom_interfaces/custom_interfaces_s__rosidl_typesupport_c.cpython-310-x86_64-linux-gnu.so
[1.241s] -- Up-to-date symlink: /home/robo/ArduinoAndROS2Communication/install/custom_interfaces/share/custom_interfaces/msg/RobotState.idl
[1.241s] -- Up-to-date symlink: /home/robo/ArduinoAndROS2Communication/install/custom_interfaces/share/custom_interfaces/msg/RobotState.msg
[1.241s] -- Up-to-date symlink: /home/robo/ArduinoAndROS2Communication/install/custom_interfaces/share/ament_index/resource_index/package_run_dependencies/custom_interfaces
[1.241s] -- Up-to-date symlink: /home/robo/ArduinoAndROS2Communication/install/custom_interfaces/share/ament_index/resource_index/parent_prefix_path/custom_interfaces
[1.241s] -- Up-to-date symlink: /home/robo/ArduinoAndROS2Communication/install/custom_interfaces/share/custom_interfaces/environment/ament_prefix_path.sh
[1.241s] -- Up-to-date symlink: /home/robo/ArduinoAndROS2Communication/install/custom_interfaces/share/custom_interfaces/environment/ament_prefix_path.dsv
[1.241s] -- Up-to-date symlink: /home/robo/ArduinoAndROS2Communication/install/custom_interfaces/share/custom_interfaces/environment/path.sh
[1.241s] -- Up-to-date symlink: /home/robo/ArduinoAndROS2Communication/install/custom_interfaces/share/custom_interfaces/environment/path.dsv
[1.241s] -- Up-to-date symlink: /home/robo/ArduinoAndROS2Communication/install/custom_interfaces/share/custom_interfaces/local_setup.bash
[1.241s] -- Up-to-date symlink: /home/robo/ArduinoAndROS2Communication/install/custom_interfaces/share/custom_interfaces/local_setup.sh
[1.241s] -- Up-to-date symlink: /home/robo/ArduinoAndROS2Communication/install/custom_interfaces/share/custom_interfaces/local_setup.zsh
[1.242s] -- Up-to-date symlink: /home/robo/ArduinoAndROS2Communication/install/custom_interfaces/share/custom_interfaces/local_setup.dsv
[1.242s] -- Symlinking: /home/robo/ArduinoAndROS2Communication/install/custom_interfaces/share/custom_interfaces/package.dsv
[1.248s] -- Up-to-date symlink: /home/robo/ArduinoAndROS2Communication/install/custom_interfaces/share/ament_index/resource_index/packages/custom_interfaces
[1.248s] -- Up-to-date symlink: /home/robo/ArduinoAndROS2Communication/install/custom_interfaces/share/custom_interfaces/cmake/rosidl_cmake-extras.cmake
[1.248s] -- Up-to-date symlink: /home/robo/ArduinoAndROS2Communication/install/custom_interfaces/share/custom_interfaces/cmake/ament_cmake_export_include_directories-extras.cmake
[1.248s] -- Up-to-date symlink: /home/robo/ArduinoAndROS2Communication/install/custom_interfaces/share/custom_interfaces/cmake/ament_cmake_export_libraries-extras.cmake
[1.249s] -- Up-to-date symlink: /home/robo/ArduinoAndROS2Communication/install/custom_interfaces/share/custom_interfaces/cmake/ament_cmake_export_targets-extras.cmake
[1.249s] -- Up-to-date symlink: /home/robo/ArduinoAndROS2Communication/install/custom_interfaces/share/custom_interfaces/cmake/rosidl_cmake_export_typesupport_targets-extras.cmake
[1.249s] -- Up-to-date symlink: /home/robo/ArduinoAndROS2Communication/install/custom_interfaces/share/custom_interfaces/cmake/ament_cmake_export_dependencies-extras.cmake
[1.249s] -- Up-to-date symlink: /home/robo/ArduinoAndROS2Communication/install/custom_interfaces/share/custom_interfaces/cmake/rosidl_cmake_export_typesupport_libraries-extras.cmake
[1.249s] -- Up-to-date symlink: /home/robo/ArduinoAndROS2Communication/install/custom_interfaces/share/custom_interfaces/cmake/custom_interfacesConfig.cmake
[1.249s] -- Up-to-date symlink: /home/robo/ArduinoAndROS2Communication/install/custom_interfaces/share/custom_interfaces/cmake/custom_interfacesConfig-version.cmake
[1.249s] -- Up-to-date symlink: /home/robo/ArduinoAndROS2Communication/install/custom_interfaces/share/custom_interfaces/package.xml
[1.249s] -- Up-to-date: /home/robo/ArduinoAndROS2Communication/install/custom_interfaces/lib/libcustom_interfaces__rosidl_generator_c.so
[1.249s] -- Up-to-date: /home/robo/ArduinoAndROS2Communication/install/custom_interfaces/lib/libcustom_interfaces__rosidl_typesupport_fastrtps_c.so
[1.249s] -- Up-to-date: /home/robo/ArduinoAndROS2Communication/install/custom_interfaces/lib/libcustom_interfaces__rosidl_typesupport_introspection_c.so
[1.250s] -- Up-to-date: /home/robo/ArduinoAndROS2Communication/install/custom_interfaces/lib/libcustom_interfaces__rosidl_typesupport_c.so
[1.250s] -- Up-to-date: /home/robo/ArduinoAndROS2Communication/install/custom_interfaces/lib/libcustom_interfaces__rosidl_typesupport_fastrtps_cpp.so
[1.250s] -- Up-to-date: /home/robo/ArduinoAndROS2Communication/install/custom_interfaces/lib/libcustom_interfaces__rosidl_typesupport_introspection_cpp.so
[1.250s] -- Up-to-date: /home/robo/ArduinoAndROS2Communication/install/custom_interfaces/lib/libcustom_interfaces__rosidl_typesupport_cpp.so
[1.272s] Listing '/home/robo/ArduinoAndROS2Communication/install/custom_interfaces/local/lib/python3.10/dist-packages/custom_interfaces'...
[1.272s] Compiling '/home/robo/ArduinoAndROS2Communication/install/custom_interfaces/local/lib/python3.10/dist-packages/custom_interfaces/__init__.py'...
[1.272s] Listing '/home/robo/ArduinoAndROS2Communication/install/custom_interfaces/local/lib/python3.10/dist-packages/custom_interfaces/msg'...
[1.275s] -- Up-to-date: /home/robo/ArduinoAndROS2Communication/install/custom_interfaces/lib/libcustom_interfaces__rosidl_generator_py.so
[1.276s] -- Up-to-date: /home/robo/ArduinoAndROS2Communication/install/custom_interfaces/share/custom_interfaces/cmake/export_custom_interfaces__rosidl_generator_cExport.cmake
[1.276s] -- Up-to-date: /home/robo/ArduinoAndROS2Communication/install/custom_interfaces/share/custom_interfaces/cmake/export_custom_interfaces__rosidl_generator_cExport-noconfig.cmake
[1.276s] -- Up-to-date: /home/robo/ArduinoAndROS2Communication/install/custom_interfaces/share/custom_interfaces/cmake/export_custom_interfaces__rosidl_typesupport_fastrtps_cExport.cmake
[1.276s] -- Up-to-date: /home/robo/ArduinoAndROS2Communication/install/custom_interfaces/share/custom_interfaces/cmake/export_custom_interfaces__rosidl_typesupport_fastrtps_cExport-noconfig.cmake
[1.276s] -- Up-to-date: /home/robo/ArduinoAndROS2Communication/install/custom_interfaces/share/custom_interfaces/cmake/custom_interfaces__rosidl_typesupport_introspection_cExport.cmake
[1.276s] -- Up-to-date: /home/robo/ArduinoAndROS2Communication/install/custom_interfaces/share/custom_interfaces/cmake/custom_interfaces__rosidl_typesupport_introspection_cExport-noconfig.cmake
[1.276s] -- Up-to-date: /home/robo/ArduinoAndROS2Communication/install/custom_interfaces/share/custom_interfaces/cmake/custom_interfaces__rosidl_typesupport_cExport.cmake
[1.276s] -- Up-to-date: /home/robo/ArduinoAndROS2Communication/install/custom_interfaces/share/custom_interfaces/cmake/custom_interfaces__rosidl_typesupport_cExport-noconfig.cmake
[1.276s] -- Up-to-date: /home/robo/ArduinoAndROS2Communication/install/custom_interfaces/share/custom_interfaces/cmake/export_custom_interfaces__rosidl_generator_cppExport.cmake
[1.276s] -- Up-to-date: /home/robo/ArduinoAndROS2Communication/install/custom_interfaces/share/custom_interfaces/cmake/export_custom_interfaces__rosidl_typesupport_fastrtps_cppExport.cmake
[1.276s] -- Up-to-date: /home/robo/ArduinoAndROS2Communication/install/custom_interfaces/share/custom_interfaces/cmake/export_custom_interfaces__rosidl_typesupport_fastrtps_cppExport-noconfig.cmake
[1.276s] -- Up-to-date: /home/robo/ArduinoAndROS2Communication/install/custom_interfaces/share/custom_interfaces/cmake/custom_interfaces__rosidl_typesupport_introspection_cppExport.cmake
[1.276s] -- Up-to-date: /home/robo/ArduinoAndROS2Communication/install/custom_interfaces/share/custom_interfaces/cmake/custom_interfaces__rosidl_typesupport_introspection_cppExport-noconfig.cmake
[1.276s] -- Up-to-date: /home/robo/ArduinoAndROS2Communication/install/custom_interfaces/share/custom_interfaces/cmake/custom_interfaces__rosidl_typesupport_cppExport.cmake
[1.276s] -- Up-to-date: /home/robo/ArduinoAndROS2Communication/install/custom_interfaces/share/custom_interfaces/cmake/custom_interfaces__rosidl_typesupport_cppExport-noconfig.cmake
[1.276s] -- Up-to-date: /home/robo/ArduinoAndROS2Communication/install/custom_interfaces/share/custom_interfaces/cmake/export_custom_interfaces__rosidl_generator_pyExport.cmake
[1.276s] -- Up-to-date: /home/robo/ArduinoAndROS2Communication/install/custom_interfaces/share/custom_interfaces/cmake/export_custom_interfaces__rosidl_generator_pyExport-noconfig.cmake
[1.278s] Invoked command in '/home/robo/ArduinoAndROS2Communication/build/custom_interfaces' returned '0': CMAKE_PREFIX_PATH=/opt/ros/humble /usr/bin/cmake --install /home/robo/ArduinoAndROS2Communication/build/custom_interfaces
