[0.182s] Invoking command in '/home/robo/ArduinoAndROS2Communication/build/custom_interfaces': CMAKE_PREFIX_PATH=${CMAKE_PREFIX_PATH}:/home/robo/ArduinoAndROS2Communication/install/arduino_communication:/opt/ros/humble /usr/bin/cmake --build /home/robo/ArduinoAndROS2Communication/build/custom_interfaces -- -j8 -l8
[0.217s] [  9%] Built target custom_interfaces__cpp
[0.217s] [ 12%] Built target custom_interfaces__rosidl_generator_c
[0.228s] [ 12%] Built target ament_cmake_python_symlink_custom_interfaces
[0.241s] [ 38%] Built target custom_interfaces__rosidl_typesupport_fastrtps_cpp
[0.241s] [ 41%] Built target custom_interfaces__rosidl_typesupport_fastrtps_c
[0.241s] [ 41%] Built target custom_interfaces__rosidl_typesupport_introspection_cpp
[0.241s] [ 51%] Built target custom_interfaces__rosidl_typesupport_c
[0.243s] [ 61%] Built target custom_interfaces__rosidl_typesupport_cpp
[0.244s] [ 70%] Built target custom_interfaces__rosidl_typesupport_introspection_c
[0.259s] [ 70%] Built target custom_interfaces
[0.274s] [ 74%] Built target custom_interfaces__py
[0.290s] [ 80%] Built target custom_interfaces__rosidl_generator_py
[0.307s] [ 87%] Built target custom_interfaces__rosidl_typesupport_c__pyext
[0.308s] [ 93%] Built target custom_interfaces__rosidl_typesupport_introspection_c__pyext
[0.312s] [100%] Built target custom_interfaces__rosidl_typesupport_fastrtps_c__pyext
[0.414s] running egg_info
[0.415s] writing custom_interfaces.egg-info/PKG-INFO
[0.416s] writing dependency_links to custom_interfaces.egg-info/dependency_links.txt
[0.416s] writing top-level names to custom_interfaces.egg-info/top_level.txt
[0.419s] reading manifest file 'custom_interfaces.egg-info/SOURCES.txt'
[0.419s] writing manifest file 'custom_interfaces.egg-info/SOURCES.txt'
[0.453s] [100%] Built target ament_cmake_python_build_custom_interfaces_egg
[0.463s] Invoked command in '/home/robo/ArduinoAndROS2Communication/build/custom_interfaces' returned '0': CMAKE_PREFIX_PATH=${CMAKE_PREFIX_PATH}:/home/robo/ArduinoAndROS2Communication/install/arduino_communication:/opt/ros/humble /usr/bin/cmake --build /home/robo/ArduinoAndROS2Communication/build/custom_interfaces -- -j8 -l8
[0.511s] Invoking command in '/home/robo/ArduinoAndROS2Communication/build/custom_interfaces': CMAKE_PREFIX_PATH=${CMAKE_PREFIX_PATH}:/home/robo/ArduinoAndROS2Communication/install/arduino_communication:/opt/ros/humble /usr/bin/cmake --install /home/robo/ArduinoAndROS2Communication/build/custom_interfaces
[0.516s] -- Install configuration: ""
[0.517s] -- Execute custom install script
[0.517s] -- Up-to-date symlink: /home/robo/ArduinoAndROS2Communication/install/custom_interfaces/share/ament_index/resource_index/rosidl_interfaces/custom_interfaces
[0.517s] -- Up-to-date symlink: /home/robo/ArduinoAndROS2Communication/install/custom_interfaces/include/custom_interfaces/custom_interfaces/msg/detail/robot_state__functions.h
[0.517s] -- Up-to-date symlink: /home/robo/ArduinoAndROS2Communication/install/custom_interfaces/include/custom_interfaces/custom_interfaces/msg/detail/robot_state__struct.h
[0.517s] -- Up-to-date symlink: /home/robo/ArduinoAndROS2Communication/install/custom_interfaces/include/custom_interfaces/custom_interfaces/msg/detail/robot_state__type_support.h
[0.517s] -- Up-to-date symlink: /home/robo/ArduinoAndROS2Communication/install/custom_interfaces/include/custom_interfaces/custom_interfaces/msg/robot_state.h
[0.517s] -- Up-to-date symlink: /home/robo/ArduinoAndROS2Communication/install/custom_interfaces/include/custom_interfaces/custom_interfaces/msg/rosidl_generator_c__visibility_control.h
[0.517s] -- Up-to-date symlink: /home/robo/ArduinoAndROS2Communication/install/custom_interfaces/share/custom_interfaces/environment/library_path.sh
[0.518s] -- Up-to-date symlink: /home/robo/ArduinoAndROS2Communication/install/custom_interfaces/share/custom_interfaces/environment/library_path.dsv
[0.518s] -- Up-to-date symlink: /home/robo/ArduinoAndROS2Communication/install/custom_interfaces/include/custom_interfaces/custom_interfaces/msg/detail/robot_state__rosidl_typesupport_fastrtps_c.h
[0.518s] -- Up-to-date symlink: /home/robo/ArduinoAndROS2Communication/install/custom_interfaces/include/custom_interfaces/custom_interfaces/msg/rosidl_typesupport_fastrtps_c__visibility_control.h
[0.518s] -- Up-to-date symlink: /home/robo/ArduinoAndROS2Communication/install/custom_interfaces/include/custom_interfaces/custom_interfaces/msg/detail/robot_state__rosidl_typesupport_introspection_c.h
[0.518s] -- Up-to-date symlink: /home/robo/ArduinoAndROS2Communication/install/custom_interfaces/include/custom_interfaces/custom_interfaces/msg/rosidl_typesupport_introspection_c__visibility_control.h
[0.518s] -- Up-to-date symlink: /home/robo/ArduinoAndROS2Communication/install/custom_interfaces/include/custom_interfaces/custom_interfaces/msg/detail/robot_state__builder.hpp
[0.518s] -- Up-to-date symlink: /home/robo/ArduinoAndROS2Communication/install/custom_interfaces/include/custom_interfaces/custom_interfaces/msg/detail/robot_state__struct.hpp
[0.518s] -- Up-to-date symlink: /home/robo/ArduinoAndROS2Communication/install/custom_interfaces/include/custom_interfaces/custom_interfaces/msg/detail/robot_state__traits.hpp
[0.519s] -- Up-to-date symlink: /home/robo/ArduinoAndROS2Communication/install/custom_interfaces/include/custom_interfaces/custom_interfaces/msg/robot_state.hpp
[0.519s] -- Up-to-date symlink: /home/robo/ArduinoAndROS2Communication/install/custom_interfaces/include/custom_interfaces/custom_interfaces/msg/detail/robot_state__rosidl_typesupport_fastrtps_cpp.hpp
[0.519s] -- Up-to-date symlink: /home/robo/ArduinoAndROS2Communication/install/custom_interfaces/include/custom_interfaces/custom_interfaces/msg/rosidl_typesupport_fastrtps_cpp__visibility_control.h
[0.519s] -- Up-to-date symlink: /home/robo/ArduinoAndROS2Communication/install/custom_interfaces/include/custom_interfaces/custom_interfaces/msg/detail/robot_state__rosidl_typesupport_introspection_cpp.hpp
[0.519s] -- Up-to-date symlink: /home/robo/ArduinoAndROS2Communication/install/custom_interfaces/share/custom_interfaces/environment/pythonpath.sh
[0.519s] -- Up-to-date symlink: /home/robo/ArduinoAndROS2Communication/install/custom_interfaces/share/custom_interfaces/environment/pythonpath.dsv
[0.519s] -- Up-to-date symlink: /home/robo/ArduinoAndROS2Communication/install/custom_interfaces/local/lib/python3.10/dist-packages/custom_interfaces-0.0.0-py3.10.egg-info/PKG-INFO
[0.519s] -- Up-to-date symlink: /home/robo/ArduinoAndROS2Communication/install/custom_interfaces/local/lib/python3.10/dist-packages/custom_interfaces-0.0.0-py3.10.egg-info/SOURCES.txt
[0.519s] -- Up-to-date symlink: /home/robo/ArduinoAndROS2Communication/install/custom_interfaces/local/lib/python3.10/dist-packages/custom_interfaces-0.0.0-py3.10.egg-info/dependency_links.txt
[0.520s] -- Up-to-date symlink: /home/robo/ArduinoAndROS2Communication/install/custom_interfaces/local/lib/python3.10/dist-packages/custom_interfaces-0.0.0-py3.10.egg-info/top_level.txt
[0.520s] -- Up-to-date symlink: /home/robo/ArduinoAndROS2Communication/install/custom_interfaces/local/lib/python3.10/dist-packages/custom_interfaces/__init__.py
[0.520s] -- Up-to-date symlink: /home/robo/ArduinoAndROS2Communication/install/custom_interfaces/local/lib/python3.10/dist-packages/custom_interfaces/_custom_interfaces_s.ep.rosidl_typesupport_c.c
[0.520s] -- Up-to-date symlink: /home/robo/ArduinoAndROS2Communication/install/custom_interfaces/local/lib/python3.10/dist-packages/custom_interfaces/_custom_interfaces_s.ep.rosidl_typesupport_fastrtps_c.c
[0.520s] -- Up-to-date symlink: /home/robo/ArduinoAndROS2Communication/install/custom_interfaces/local/lib/python3.10/dist-packages/custom_interfaces/_custom_interfaces_s.ep.rosidl_typesupport_introspection_c.c
[0.521s] -- Up-to-date symlink: /home/robo/ArduinoAndROS2Communication/install/custom_interfaces/local/lib/python3.10/dist-packages/custom_interfaces/custom_interfaces_s__rosidl_typesupport_c.cpython-310-x86_64-linux-gnu.so
[0.521s] -- Up-to-date symlink: /home/robo/ArduinoAndROS2Communication/install/custom_interfaces/local/lib/python3.10/dist-packages/custom_interfaces/custom_interfaces_s__rosidl_typesupport_fastrtps_c.cpython-310-x86_64-linux-gnu.so
[0.521s] -- Up-to-date symlink: /home/robo/ArduinoAndROS2Communication/install/custom_interfaces/local/lib/python3.10/dist-packages/custom_interfaces/custom_interfaces_s__rosidl_typesupport_introspection_c.cpython-310-x86_64-linux-gnu.so
[0.521s] -- Up-to-date symlink: /home/robo/ArduinoAndROS2Communication/install/custom_interfaces/local/lib/python3.10/dist-packages/custom_interfaces/libcustom_interfaces__rosidl_generator_py.so
[0.521s] -- Up-to-date symlink: /home/robo/ArduinoAndROS2Communication/install/custom_interfaces/local/lib/python3.10/dist-packages/custom_interfaces/msg/__init__.py
[0.521s] -- Up-to-date symlink: /home/robo/ArduinoAndROS2Communication/install/custom_interfaces/local/lib/python3.10/dist-packages/custom_interfaces/msg/_robot_state.py
[0.521s] -- Up-to-date symlink: /home/robo/ArduinoAndROS2Communication/install/custom_interfaces/local/lib/python3.10/dist-packages/custom_interfaces/msg/_robot_state_s.c
[0.521s] -- Up-to-date symlink: /home/robo/ArduinoAndROS2Communication/install/custom_interfaces/local/lib/python3.10/dist-packages/custom_interfaces/custom_interfaces_s__rosidl_typesupport_fastrtps_c.cpython-310-x86_64-linux-gnu.so
[0.521s] -- Up-to-date symlink: /home/robo/ArduinoAndROS2Communication/install/custom_interfaces/local/lib/python3.10/dist-packages/custom_interfaces/custom_interfaces_s__rosidl_typesupport_introspection_c.cpython-310-x86_64-linux-gnu.so
[0.522s] -- Up-to-date symlink: /home/robo/ArduinoAndROS2Communication/install/custom_interfaces/local/lib/python3.10/dist-packages/custom_interfaces/custom_interfaces_s__rosidl_typesupport_c.cpython-310-x86_64-linux-gnu.so
[0.522s] -- Up-to-date symlink: /home/robo/ArduinoAndROS2Communication/install/custom_interfaces/share/custom_interfaces/msg/RobotState.idl
[0.522s] -- Up-to-date symlink: /home/robo/ArduinoAndROS2Communication/install/custom_interfaces/share/custom_interfaces/msg/RobotState.msg
[0.522s] -- Up-to-date symlink: /home/robo/ArduinoAndROS2Communication/install/custom_interfaces/share/ament_index/resource_index/package_run_dependencies/custom_interfaces
[0.522s] -- Up-to-date symlink: /home/robo/ArduinoAndROS2Communication/install/custom_interfaces/share/ament_index/resource_index/parent_prefix_path/custom_interfaces
[0.522s] -- Up-to-date symlink: /home/robo/ArduinoAndROS2Communication/install/custom_interfaces/share/custom_interfaces/environment/ament_prefix_path.sh
[0.522s] -- Up-to-date symlink: /home/robo/ArduinoAndROS2Communication/install/custom_interfaces/share/custom_interfaces/environment/ament_prefix_path.dsv
[0.522s] -- Up-to-date symlink: /home/robo/ArduinoAndROS2Communication/install/custom_interfaces/share/custom_interfaces/environment/path.sh
[0.522s] -- Up-to-date symlink: /home/robo/ArduinoAndROS2Communication/install/custom_interfaces/share/custom_interfaces/environment/path.dsv
[0.522s] -- Up-to-date symlink: /home/robo/ArduinoAndROS2Communication/install/custom_interfaces/share/custom_interfaces/local_setup.bash
[0.523s] -- Up-to-date symlink: /home/robo/ArduinoAndROS2Communication/install/custom_interfaces/share/custom_interfaces/local_setup.sh
[0.523s] -- Up-to-date symlink: /home/robo/ArduinoAndROS2Communication/install/custom_interfaces/share/custom_interfaces/local_setup.zsh
[0.523s] -- Up-to-date symlink: /home/robo/ArduinoAndROS2Communication/install/custom_interfaces/share/custom_interfaces/local_setup.dsv
[0.523s] -- Symlinking: /home/robo/ArduinoAndROS2Communication/install/custom_interfaces/share/custom_interfaces/package.dsv
[0.531s] -- Up-to-date symlink: /home/robo/ArduinoAndROS2Communication/install/custom_interfaces/share/ament_index/resource_index/packages/custom_interfaces
[0.531s] -- Up-to-date symlink: /home/robo/ArduinoAndROS2Communication/install/custom_interfaces/share/custom_interfaces/cmake/rosidl_cmake-extras.cmake
[0.531s] -- Up-to-date symlink: /home/robo/ArduinoAndROS2Communication/install/custom_interfaces/share/custom_interfaces/cmake/ament_cmake_export_include_directories-extras.cmake
[0.531s] -- Up-to-date symlink: /home/robo/ArduinoAndROS2Communication/install/custom_interfaces/share/custom_interfaces/cmake/ament_cmake_export_libraries-extras.cmake
[0.531s] -- Up-to-date symlink: /home/robo/ArduinoAndROS2Communication/install/custom_interfaces/share/custom_interfaces/cmake/ament_cmake_export_targets-extras.cmake
[0.531s] -- Up-to-date symlink: /home/robo/ArduinoAndROS2Communication/install/custom_interfaces/share/custom_interfaces/cmake/rosidl_cmake_export_typesupport_targets-extras.cmake
[0.531s] -- Up-to-date symlink: /home/robo/ArduinoAndROS2Communication/install/custom_interfaces/share/custom_interfaces/cmake/ament_cmake_export_dependencies-extras.cmake
[0.531s] -- Up-to-date symlink: /home/robo/ArduinoAndROS2Communication/install/custom_interfaces/share/custom_interfaces/cmake/rosidl_cmake_export_typesupport_libraries-extras.cmake
[0.531s] -- Up-to-date symlink: /home/robo/ArduinoAndROS2Communication/install/custom_interfaces/share/custom_interfaces/cmake/custom_interfacesConfig.cmake
[0.531s] -- Up-to-date symlink: /home/robo/ArduinoAndROS2Communication/install/custom_interfaces/share/custom_interfaces/cmake/custom_interfacesConfig-version.cmake
[0.531s] -- Up-to-date symlink: /home/robo/ArduinoAndROS2Communication/install/custom_interfaces/share/custom_interfaces/package.xml
[0.531s] -- Up-to-date: /home/robo/ArduinoAndROS2Communication/install/custom_interfaces/lib/libcustom_interfaces__rosidl_generator_c.so
[0.532s] -- Up-to-date: /home/robo/ArduinoAndROS2Communication/install/custom_interfaces/lib/libcustom_interfaces__rosidl_typesupport_fastrtps_c.so
[0.532s] -- Up-to-date: /home/robo/ArduinoAndROS2Communication/install/custom_interfaces/lib/libcustom_interfaces__rosidl_typesupport_introspection_c.so
[0.532s] -- Up-to-date: /home/robo/ArduinoAndROS2Communication/install/custom_interfaces/lib/libcustom_interfaces__rosidl_typesupport_c.so
[0.532s] -- Up-to-date: /home/robo/ArduinoAndROS2Communication/install/custom_interfaces/lib/libcustom_interfaces__rosidl_typesupport_fastrtps_cpp.so
[0.532s] -- Up-to-date: /home/robo/ArduinoAndROS2Communication/install/custom_interfaces/lib/libcustom_interfaces__rosidl_typesupport_introspection_cpp.so
[0.532s] -- Up-to-date: /home/robo/ArduinoAndROS2Communication/install/custom_interfaces/lib/libcustom_interfaces__rosidl_typesupport_cpp.so
[0.556s] Listing '/home/robo/ArduinoAndROS2Communication/install/custom_interfaces/local/lib/python3.10/dist-packages/custom_interfaces'...
[0.557s] Listing '/home/robo/ArduinoAndROS2Communication/install/custom_interfaces/local/lib/python3.10/dist-packages/custom_interfaces/msg'...
[0.560s] -- Up-to-date: /home/robo/ArduinoAndROS2Communication/install/custom_interfaces/lib/libcustom_interfaces__rosidl_generator_py.so
[0.560s] -- Up-to-date: /home/robo/ArduinoAndROS2Communication/install/custom_interfaces/share/custom_interfaces/cmake/export_custom_interfaces__rosidl_generator_cExport.cmake
[0.560s] -- Up-to-date: /home/robo/ArduinoAndROS2Communication/install/custom_interfaces/share/custom_interfaces/cmake/export_custom_interfaces__rosidl_generator_cExport-noconfig.cmake
[0.560s] -- Up-to-date: /home/robo/ArduinoAndROS2Communication/install/custom_interfaces/share/custom_interfaces/cmake/export_custom_interfaces__rosidl_typesupport_fastrtps_cExport.cmake
[0.560s] -- Up-to-date: /home/robo/ArduinoAndROS2Communication/install/custom_interfaces/share/custom_interfaces/cmake/export_custom_interfaces__rosidl_typesupport_fastrtps_cExport-noconfig.cmake
[0.560s] -- Up-to-date: /home/robo/ArduinoAndROS2Communication/install/custom_interfaces/share/custom_interfaces/cmake/custom_interfaces__rosidl_typesupport_introspection_cExport.cmake
[0.560s] -- Up-to-date: /home/robo/ArduinoAndROS2Communication/install/custom_interfaces/share/custom_interfaces/cmake/custom_interfaces__rosidl_typesupport_introspection_cExport-noconfig.cmake
[0.561s] -- Up-to-date: /home/robo/ArduinoAndROS2Communication/install/custom_interfaces/share/custom_interfaces/cmake/custom_interfaces__rosidl_typesupport_cExport.cmake
[0.561s] -- Up-to-date: /home/robo/ArduinoAndROS2Communication/install/custom_interfaces/share/custom_interfaces/cmake/custom_interfaces__rosidl_typesupport_cExport-noconfig.cmake
[0.561s] -- Up-to-date: /home/robo/ArduinoAndROS2Communication/install/custom_interfaces/share/custom_interfaces/cmake/export_custom_interfaces__rosidl_generator_cppExport.cmake
[0.561s] -- Up-to-date: /home/robo/ArduinoAndROS2Communication/install/custom_interfaces/share/custom_interfaces/cmake/export_custom_interfaces__rosidl_typesupport_fastrtps_cppExport.cmake
[0.561s] -- Up-to-date: /home/robo/ArduinoAndROS2Communication/install/custom_interfaces/share/custom_interfaces/cmake/export_custom_interfaces__rosidl_typesupport_fastrtps_cppExport-noconfig.cmake
[0.561s] -- Up-to-date: /home/robo/ArduinoAndROS2Communication/install/custom_interfaces/share/custom_interfaces/cmake/custom_interfaces__rosidl_typesupport_introspection_cppExport.cmake
[0.561s] -- Up-to-date: /home/robo/ArduinoAndROS2Communication/install/custom_interfaces/share/custom_interfaces/cmake/custom_interfaces__rosidl_typesupport_introspection_cppExport-noconfig.cmake
[0.561s] -- Up-to-date: /home/robo/ArduinoAndROS2Communication/install/custom_interfaces/share/custom_interfaces/cmake/custom_interfaces__rosidl_typesupport_cppExport.cmake
[0.561s] -- Up-to-date: /home/robo/ArduinoAndROS2Communication/install/custom_interfaces/share/custom_interfaces/cmake/custom_interfaces__rosidl_typesupport_cppExport-noconfig.cmake
[0.561s] -- Up-to-date: /home/robo/ArduinoAndROS2Communication/install/custom_interfaces/share/custom_interfaces/cmake/export_custom_interfaces__rosidl_generator_pyExport.cmake
[0.561s] -- Up-to-date: /home/robo/ArduinoAndROS2Communication/install/custom_interfaces/share/custom_interfaces/cmake/export_custom_interfaces__rosidl_generator_pyExport-noconfig.cmake
[0.564s] Invoked command in '/home/robo/ArduinoAndROS2Communication/build/custom_interfaces' returned '0': CMAKE_PREFIX_PATH=${CMAKE_PREFIX_PATH}:/home/robo/ArduinoAndROS2Communication/install/arduino_communication:/opt/ros/humble /usr/bin/cmake --install /home/robo/ArduinoAndROS2Communication/build/custom_interfaces
