[0.070s] DEBUG:colcon:Command line arguments: ['/usr/bin/colcon', 'build']
[0.070s] DEBUG:colcon:Parsed command line arguments: Namespace(log_base=None, log_level=None, verb_name='build', build_base='build', install_base='install', merge_install=False, symlink_install=False, test_result_base=None, continue_on_error=False, executor='parallel', parallel_workers=8, event_handlers=None, ignore_user_meta=False, metas=['./colcon.meta'], base_paths=['.'], packages_ignore=None, packages_ignore_regex=None, paths=None, packages_up_to=None, packages_up_to_regex=None, packages_above=None, packages_above_and_dependencies=None, packages_above_depth=None, packages_select_by_dep=None, packages_skip_by_dep=None, packages_skip_up_to=None, packages_select_build_failed=False, packages_skip_build_finished=False, packages_select_test_failures=False, packages_skip_test_passed=False, packages_select=None, packages_skip=None, packages_select_regex=None, packages_skip_regex=None, packages_start=None, packages_end=None, allow_overriding=[], cmake_args=None, cmake_target=None, cmake_target_skip_unavailable=False, cmake_clean_cache=False, cmake_clean_first=False, cmake_force_configure=False, ament_cmake_args=None, catkin_cmake_args=None, catkin_skip_building_tests=False, mixin_files=None, mixin=None, verb_parser=<colcon_mixin.mixin.mixin_argument.MixinArgumentDecorator object at 0x7ede5e6652d0>, verb_extension=<colcon_core.verb.build.BuildVerb object at 0x7ede5e768ee0>, main=<bound method BuildVerb.main of <colcon_core.verb.build.BuildVerb object at 0x7ede5e768ee0>>, mixin_verb=('build',))
[0.173s] Level 1:colcon.colcon_core.package_discovery:discover_packages(colcon_meta) check parameters
[0.173s] Level 1:colcon.colcon_core.package_discovery:discover_packages(recursive) check parameters
[0.173s] Level 1:colcon.colcon_core.package_discovery:discover_packages(ignore) check parameters
[0.173s] Level 1:colcon.colcon_core.package_discovery:discover_packages(path) check parameters
[0.173s] Level 1:colcon.colcon_core.package_discovery:discover_packages(colcon_meta) discover
[0.173s] Level 1:colcon.colcon_core.package_discovery:discover_packages(recursive) discover
[0.173s] INFO:colcon.colcon_core.package_discovery:Crawling recursively for packages in '/home/robo/ArduinoAndROS2Communication'
[0.173s] Level 1:colcon.colcon_core.package_identification:_identify(.) by extensions ['ignore', 'ignore_ament_install']
[0.173s] Level 1:colcon.colcon_core.package_identification:_identify(.) by extension 'ignore'
[0.173s] Level 1:colcon.colcon_core.package_identification:_identify(.) by extension 'ignore_ament_install'
[0.173s] Level 1:colcon.colcon_core.package_identification:_identify(.) by extensions ['colcon_pkg']
[0.173s] Level 1:colcon.colcon_core.package_identification:_identify(.) by extension 'colcon_pkg'
[0.173s] Level 1:colcon.colcon_core.package_identification:_identify(.) by extensions ['colcon_meta']
[0.173s] Level 1:colcon.colcon_core.package_identification:_identify(.) by extension 'colcon_meta'
[0.173s] Level 1:colcon.colcon_core.package_identification:_identify(.) by extensions ['ros']
[0.173s] Level 1:colcon.colcon_core.package_identification:_identify(.) by extension 'ros'
[0.181s] Level 1:colcon.colcon_core.package_identification:_identify(.) by extensions ['cmake', 'python']
[0.181s] Level 1:colcon.colcon_core.package_identification:_identify(.) by extension 'cmake'
[0.181s] Level 1:colcon.colcon_core.package_identification:_identify(.) by extension 'python'
[0.181s] Level 1:colcon.colcon_core.package_identification:_identify(.) by extensions ['python_setup_py']
[0.181s] Level 1:colcon.colcon_core.package_identification:_identify(.) by extension 'python_setup_py'
[0.181s] Level 1:colcon.colcon_core.package_identification:_identify(build) by extensions ['ignore', 'ignore_ament_install']
[0.181s] Level 1:colcon.colcon_core.package_identification:_identify(build) by extension 'ignore'
[0.181s] Level 1:colcon.colcon_core.package_identification:_identify(build) ignored
[0.181s] Level 1:colcon.colcon_core.package_identification:_identify(install) by extensions ['ignore', 'ignore_ament_install']
[0.181s] Level 1:colcon.colcon_core.package_identification:_identify(install) by extension 'ignore'
[0.181s] Level 1:colcon.colcon_core.package_identification:_identify(install) ignored
[0.181s] Level 1:colcon.colcon_core.package_identification:_identify(log) by extensions ['ignore', 'ignore_ament_install']
[0.181s] Level 1:colcon.colcon_core.package_identification:_identify(log) by extension 'ignore'
[0.181s] Level 1:colcon.colcon_core.package_identification:_identify(log) ignored
[0.181s] Level 1:colcon.colcon_core.package_identification:_identify(src) by extensions ['ignore', 'ignore_ament_install']
[0.181s] Level 1:colcon.colcon_core.package_identification:_identify(src) by extension 'ignore'
[0.181s] Level 1:colcon.colcon_core.package_identification:_identify(src) by extension 'ignore_ament_install'
[0.181s] Level 1:colcon.colcon_core.package_identification:_identify(src) by extensions ['colcon_pkg']
[0.181s] Level 1:colcon.colcon_core.package_identification:_identify(src) by extension 'colcon_pkg'
[0.181s] Level 1:colcon.colcon_core.package_identification:_identify(src) by extensions ['colcon_meta']
[0.181s] Level 1:colcon.colcon_core.package_identification:_identify(src) by extension 'colcon_meta'
[0.181s] Level 1:colcon.colcon_core.package_identification:_identify(src) by extensions ['ros']
[0.181s] Level 1:colcon.colcon_core.package_identification:_identify(src) by extension 'ros'
[0.181s] Level 1:colcon.colcon_core.package_identification:_identify(src) by extensions ['cmake', 'python']
[0.181s] Level 1:colcon.colcon_core.package_identification:_identify(src) by extension 'cmake'
[0.181s] Level 1:colcon.colcon_core.package_identification:_identify(src) by extension 'python'
[0.182s] Level 1:colcon.colcon_core.package_identification:_identify(src) by extensions ['python_setup_py']
[0.182s] Level 1:colcon.colcon_core.package_identification:_identify(src) by extension 'python_setup_py'
[0.182s] Level 1:colcon.colcon_core.package_identification:_identify(src/arduino_communication) by extensions ['ignore', 'ignore_ament_install']
[0.182s] Level 1:colcon.colcon_core.package_identification:_identify(src/arduino_communication) by extension 'ignore'
[0.182s] Level 1:colcon.colcon_core.package_identification:_identify(src/arduino_communication) by extension 'ignore_ament_install'
[0.182s] Level 1:colcon.colcon_core.package_identification:_identify(src/arduino_communication) by extensions ['colcon_pkg']
[0.182s] Level 1:colcon.colcon_core.package_identification:_identify(src/arduino_communication) by extension 'colcon_pkg'
[0.182s] Level 1:colcon.colcon_core.package_identification:_identify(src/arduino_communication) by extensions ['colcon_meta']
[0.182s] Level 1:colcon.colcon_core.package_identification:_identify(src/arduino_communication) by extension 'colcon_meta'
[0.182s] Level 1:colcon.colcon_core.package_identification:_identify(src/arduino_communication) by extensions ['ros']
[0.182s] Level 1:colcon.colcon_core.package_identification:_identify(src/arduino_communication) by extension 'ros'
[0.183s] DEBUG:colcon.colcon_core.package_identification:Package 'src/arduino_communication' with type 'ros.ament_python' and name 'arduino_communication'
[0.183s] Level 1:colcon.colcon_core.package_identification:_identify(src/custom_interfaces) by extensions ['ignore', 'ignore_ament_install']
[0.184s] Level 1:colcon.colcon_core.package_identification:_identify(src/custom_interfaces) by extension 'ignore'
[0.184s] Level 1:colcon.colcon_core.package_identification:_identify(src/custom_interfaces) by extension 'ignore_ament_install'
[0.184s] Level 1:colcon.colcon_core.package_identification:_identify(src/custom_interfaces) by extensions ['colcon_pkg']
[0.184s] Level 1:colcon.colcon_core.package_identification:_identify(src/custom_interfaces) by extension 'colcon_pkg'
[0.184s] Level 1:colcon.colcon_core.package_identification:_identify(src/custom_interfaces) by extensions ['colcon_meta']
[0.184s] Level 1:colcon.colcon_core.package_identification:_identify(src/custom_interfaces) by extension 'colcon_meta'
[0.184s] Level 1:colcon.colcon_core.package_identification:_identify(src/custom_interfaces) by extensions ['ros']
[0.184s] Level 1:colcon.colcon_core.package_identification:_identify(src/custom_interfaces) by extension 'ros'
[0.184s] DEBUG:colcon.colcon_core.package_identification:Package 'src/custom_interfaces' with type 'ros.ament_cmake' and name 'custom_interfaces'
[0.184s] Level 1:colcon.colcon_core.package_discovery:discover_packages(recursive) using defaults
[0.184s] Level 1:colcon.colcon_core.package_discovery:discover_packages(ignore) discover
[0.184s] Level 1:colcon.colcon_core.package_discovery:discover_packages(ignore) using defaults
[0.184s] Level 1:colcon.colcon_core.package_discovery:discover_packages(path) discover
[0.184s] Level 1:colcon.colcon_core.package_discovery:discover_packages(path) using defaults
[0.197s] Level 1:colcon.colcon_core.package_discovery:discover_packages(prefix_path) check parameters
[0.197s] Level 1:colcon.colcon_core.package_discovery:discover_packages(prefix_path) discover
[0.198s] DEBUG:colcon.colcon_installed_package_information.package_discovery:Found 296 installed packages in /opt/ros/humble
[0.209s] Level 1:colcon.colcon_core.package_discovery:discover_packages(prefix_path) using defaults
[0.234s] Level 5:colcon.colcon_core.verb:set package 'arduino_communication' build argument 'cmake_args' from command line to 'None'
[0.234s] Level 5:colcon.colcon_core.verb:set package 'arduino_communication' build argument 'cmake_target' from command line to 'None'
[0.234s] Level 5:colcon.colcon_core.verb:set package 'arduino_communication' build argument 'cmake_target_skip_unavailable' from command line to 'False'
[0.234s] Level 5:colcon.colcon_core.verb:set package 'arduino_communication' build argument 'cmake_clean_cache' from command line to 'False'
[0.234s] Level 5:colcon.colcon_core.verb:set package 'arduino_communication' build argument 'cmake_clean_first' from command line to 'False'
[0.234s] Level 5:colcon.colcon_core.verb:set package 'arduino_communication' build argument 'cmake_force_configure' from command line to 'False'
[0.234s] Level 5:colcon.colcon_core.verb:set package 'arduino_communication' build argument 'ament_cmake_args' from command line to 'None'
[0.234s] Level 5:colcon.colcon_core.verb:set package 'arduino_communication' build argument 'catkin_cmake_args' from command line to 'None'
[0.234s] Level 5:colcon.colcon_core.verb:set package 'arduino_communication' build argument 'catkin_skip_building_tests' from command line to 'False'
[0.234s] DEBUG:colcon.colcon_core.verb:Building package 'arduino_communication' with the following arguments: {'ament_cmake_args': None, 'build_base': '/home/robo/ArduinoAndROS2Communication/build/arduino_communication', 'catkin_cmake_args': None, 'catkin_skip_building_tests': False, 'cmake_args': None, 'cmake_clean_cache': False, 'cmake_clean_first': False, 'cmake_force_configure': False, 'cmake_target': None, 'cmake_target_skip_unavailable': False, 'install_base': '/home/robo/ArduinoAndROS2Communication/install/arduino_communication', 'merge_install': False, 'path': '/home/robo/ArduinoAndROS2Communication/src/arduino_communication', 'symlink_install': False, 'test_result_base': None}
[0.234s] Level 5:colcon.colcon_core.verb:set package 'custom_interfaces' build argument 'cmake_args' from command line to 'None'
[0.234s] Level 5:colcon.colcon_core.verb:set package 'custom_interfaces' build argument 'cmake_target' from command line to 'None'
[0.234s] Level 5:colcon.colcon_core.verb:set package 'custom_interfaces' build argument 'cmake_target_skip_unavailable' from command line to 'False'
[0.234s] Level 5:colcon.colcon_core.verb:set package 'custom_interfaces' build argument 'cmake_clean_cache' from command line to 'False'
[0.234s] Level 5:colcon.colcon_core.verb:set package 'custom_interfaces' build argument 'cmake_clean_first' from command line to 'False'
[0.234s] Level 5:colcon.colcon_core.verb:set package 'custom_interfaces' build argument 'cmake_force_configure' from command line to 'False'
[0.234s] Level 5:colcon.colcon_core.verb:set package 'custom_interfaces' build argument 'ament_cmake_args' from command line to 'None'
[0.234s] Level 5:colcon.colcon_core.verb:set package 'custom_interfaces' build argument 'catkin_cmake_args' from command line to 'None'
[0.234s] Level 5:colcon.colcon_core.verb:set package 'custom_interfaces' build argument 'catkin_skip_building_tests' from command line to 'False'
[0.234s] DEBUG:colcon.colcon_core.verb:Building package 'custom_interfaces' with the following arguments: {'ament_cmake_args': None, 'build_base': '/home/robo/ArduinoAndROS2Communication/build/custom_interfaces', 'catkin_cmake_args': None, 'catkin_skip_building_tests': False, 'cmake_args': None, 'cmake_clean_cache': False, 'cmake_clean_first': False, 'cmake_force_configure': False, 'cmake_target': None, 'cmake_target_skip_unavailable': False, 'install_base': '/home/robo/ArduinoAndROS2Communication/install/custom_interfaces', 'merge_install': False, 'path': '/home/robo/ArduinoAndROS2Communication/src/custom_interfaces', 'symlink_install': False, 'test_result_base': None}
[0.235s] INFO:colcon.colcon_core.executor:Executing jobs using 'parallel' executor
[0.235s] DEBUG:colcon.colcon_parallel_executor.executor.parallel:run_until_complete
[0.236s] INFO:colcon.colcon_ros.task.ament_python.build:Building ROS package in '/home/robo/ArduinoAndROS2Communication/src/arduino_communication' with build type 'ament_python'
[0.236s] Level 1:colcon.colcon_core.shell:create_environment_hook('arduino_communication', 'ament_prefix_path')
[0.237s] INFO:colcon.colcon_core.plugin_system:Skipping extension 'colcon_core.shell.bat': Not used on non-Windows systems
[0.237s] INFO:colcon.colcon_core.shell:Creating environment hook '/home/robo/ArduinoAndROS2Communication/install/arduino_communication/share/arduino_communication/hook/ament_prefix_path.ps1'
[0.237s] INFO:colcon.colcon_core.shell:Creating environment descriptor '/home/robo/ArduinoAndROS2Communication/install/arduino_communication/share/arduino_communication/hook/ament_prefix_path.dsv'
[0.238s] INFO:colcon.colcon_core.shell:Creating environment hook '/home/robo/ArduinoAndROS2Communication/install/arduino_communication/share/arduino_communication/hook/ament_prefix_path.sh'
[0.238s] INFO:colcon.colcon_core.shell:Skip shell extension 'powershell' for command environment: Not usable outside of PowerShell
[0.238s] DEBUG:colcon.colcon_core.shell:Skip shell extension 'dsv' for command environment
[0.240s] INFO:colcon.colcon_ros.task.ament_cmake.build:Building ROS package in '/home/robo/ArduinoAndROS2Communication/src/custom_interfaces' with build type 'ament_cmake'
[0.240s] INFO:colcon.colcon_cmake.task.cmake.build:Building CMake package in '/home/robo/ArduinoAndROS2Communication/src/custom_interfaces'
[0.240s] INFO:colcon.colcon_core.shell:Skip shell extension 'powershell' for command environment: Not usable outside of PowerShell
[0.240s] DEBUG:colcon.colcon_core.shell:Skip shell extension 'dsv' for command environment
[0.410s] INFO:colcon.colcon_core.task.python.build:Building Python package in '/home/robo/ArduinoAndROS2Communication/src/arduino_communication'
[0.410s] INFO:colcon.colcon_core.shell:Skip shell extension 'powershell' for command environment: Not usable outside of PowerShell
[0.410s] DEBUG:colcon.colcon_core.shell:Skip shell extension 'dsv' for command environment
[0.415s] DEBUG:colcon.colcon_core.event_handler.log_command:Invoking command in '/home/robo/ArduinoAndROS2Communication/build/custom_interfaces': CMAKE_PREFIX_PATH=/opt/ros/humble /usr/bin/cmake --build /home/robo/ArduinoAndROS2Communication/build/custom_interfaces -- -j8 -l8
[0.674s] DEBUG:colcon.colcon_core.event_handler.log_command:Invoking command in '/home/robo/ArduinoAndROS2Communication/src/arduino_communication': PYTHONPATH=/home/robo/ArduinoAndROS2Communication/build/arduino_communication/prefix_override:/usr/lib/python3/dist-packages/colcon_core/task/python/colcon_distutils_commands:/home/robo/ArduinoAndROS2Communication/install/arduino_communication/lib/python3.10/site-packages:${PYTHONPATH} /usr/bin/python3 -W ignore:setup.py install is deprecated setup.py egg_info --egg-base ../../build/arduino_communication build --build-base /home/robo/ArduinoAndROS2Communication/build/arduino_communication/build install --record /home/robo/ArduinoAndROS2Communication/build/arduino_communication/install.log --single-version-externally-managed install_data
[0.677s] DEBUG:colcon.colcon_core.event_handler.log_command:Invoked command in '/home/robo/ArduinoAndROS2Communication/build/custom_interfaces' returned '0': CMAKE_PREFIX_PATH=/opt/ros/humble /usr/bin/cmake --build /home/robo/ArduinoAndROS2Communication/build/custom_interfaces -- -j8 -l8
[0.719s] DEBUG:colcon.colcon_core.event_handler.log_command:Invoking command in '/home/robo/ArduinoAndROS2Communication/build/custom_interfaces': CMAKE_PREFIX_PATH=/opt/ros/humble /usr/bin/cmake --install /home/robo/ArduinoAndROS2Communication/build/custom_interfaces
[0.756s] Level 1:colcon.colcon_core.environment:create_environment_scripts_only(custom_interfaces)
[0.756s] DEBUG:colcon.colcon_core.event_handler.log_command:Invoked command in '/home/robo/ArduinoAndROS2Communication/build/custom_interfaces' returned '0': CMAKE_PREFIX_PATH=/opt/ros/humble /usr/bin/cmake --install /home/robo/ArduinoAndROS2Communication/build/custom_interfaces
[0.758s] Level 1:colcon.colcon_core.environment:checking '/home/robo/ArduinoAndROS2Communication/install/custom_interfaces' for CMake module files
[0.759s] Level 1:colcon.colcon_core.environment:checking '/home/robo/ArduinoAndROS2Communication/install/custom_interfaces' for CMake config files
[0.760s] Level 1:colcon.colcon_core.shell:create_environment_hook('custom_interfaces', 'cmake_prefix_path')
[0.760s] INFO:colcon.colcon_core.shell:Creating environment hook '/home/robo/ArduinoAndROS2Communication/install/custom_interfaces/share/custom_interfaces/hook/cmake_prefix_path.ps1'
[0.760s] INFO:colcon.colcon_core.shell:Creating environment descriptor '/home/robo/ArduinoAndROS2Communication/install/custom_interfaces/share/custom_interfaces/hook/cmake_prefix_path.dsv'
[0.761s] INFO:colcon.colcon_core.shell:Creating environment hook '/home/robo/ArduinoAndROS2Communication/install/custom_interfaces/share/custom_interfaces/hook/cmake_prefix_path.sh'
[0.761s] Level 1:colcon.colcon_core.environment:checking '/home/robo/ArduinoAndROS2Communication/install/custom_interfaces/lib'
[0.761s] Level 1:colcon.colcon_core.shell:create_environment_hook('custom_interfaces', 'ld_library_path_lib')
[0.762s] INFO:colcon.colcon_core.shell:Creating environment hook '/home/robo/ArduinoAndROS2Communication/install/custom_interfaces/share/custom_interfaces/hook/ld_library_path_lib.ps1'
[0.762s] INFO:colcon.colcon_core.shell:Creating environment descriptor '/home/robo/ArduinoAndROS2Communication/install/custom_interfaces/share/custom_interfaces/hook/ld_library_path_lib.dsv'
[0.762s] INFO:colcon.colcon_core.shell:Creating environment hook '/home/robo/ArduinoAndROS2Communication/install/custom_interfaces/share/custom_interfaces/hook/ld_library_path_lib.sh'
[0.763s] Level 1:colcon.colcon_core.environment:checking '/home/robo/ArduinoAndROS2Communication/install/custom_interfaces/bin'
[0.763s] Level 1:colcon.colcon_core.environment:checking '/home/robo/ArduinoAndROS2Communication/install/custom_interfaces/lib/pkgconfig/custom_interfaces.pc'
[0.763s] Level 1:colcon.colcon_core.environment:checking '/home/robo/ArduinoAndROS2Communication/install/custom_interfaces/lib/python3.10/site-packages'
[0.764s] Level 1:colcon.colcon_core.environment:checking '/home/robo/ArduinoAndROS2Communication/install/custom_interfaces/bin'
[0.764s] INFO:colcon.colcon_core.shell:Creating package script '/home/robo/ArduinoAndROS2Communication/install/custom_interfaces/share/custom_interfaces/package.ps1'
[0.765s] INFO:colcon.colcon_core.shell:Creating package descriptor '/home/robo/ArduinoAndROS2Communication/install/custom_interfaces/share/custom_interfaces/package.dsv'
[0.766s] INFO:colcon.colcon_core.shell:Creating package script '/home/robo/ArduinoAndROS2Communication/install/custom_interfaces/share/custom_interfaces/package.sh'
[0.766s] INFO:colcon.colcon_core.shell:Creating package script '/home/robo/ArduinoAndROS2Communication/install/custom_interfaces/share/custom_interfaces/package.bash'
[0.767s] INFO:colcon.colcon_core.shell:Creating package script '/home/robo/ArduinoAndROS2Communication/install/custom_interfaces/share/custom_interfaces/package.zsh'
[0.768s] Level 1:colcon.colcon_core.environment:create_file_with_runtime_dependencies(/home/robo/ArduinoAndROS2Communication/install/custom_interfaces/share/colcon-core/packages/custom_interfaces)
[0.804s] Level 1:colcon.colcon_core.environment:create_environment_scripts_only(custom_interfaces)
[0.804s] Level 1:colcon.colcon_core.environment:checking '/home/robo/ArduinoAndROS2Communication/install/custom_interfaces' for CMake module files
[0.805s] Level 1:colcon.colcon_core.environment:checking '/home/robo/ArduinoAndROS2Communication/install/custom_interfaces' for CMake config files
[0.805s] Level 1:colcon.colcon_core.shell:create_environment_hook('custom_interfaces', 'cmake_prefix_path')
[0.805s] INFO:colcon.colcon_core.shell:Creating environment hook '/home/robo/ArduinoAndROS2Communication/install/custom_interfaces/share/custom_interfaces/hook/cmake_prefix_path.ps1'
[0.805s] INFO:colcon.colcon_core.shell:Creating environment descriptor '/home/robo/ArduinoAndROS2Communication/install/custom_interfaces/share/custom_interfaces/hook/cmake_prefix_path.dsv'
[0.806s] INFO:colcon.colcon_core.shell:Creating environment hook '/home/robo/ArduinoAndROS2Communication/install/custom_interfaces/share/custom_interfaces/hook/cmake_prefix_path.sh'
[0.806s] Level 1:colcon.colcon_core.environment:checking '/home/robo/ArduinoAndROS2Communication/install/custom_interfaces/lib'
[0.806s] Level 1:colcon.colcon_core.shell:create_environment_hook('custom_interfaces', 'ld_library_path_lib')
[0.806s] INFO:colcon.colcon_core.shell:Creating environment hook '/home/robo/ArduinoAndROS2Communication/install/custom_interfaces/share/custom_interfaces/hook/ld_library_path_lib.ps1'
[0.806s] INFO:colcon.colcon_core.shell:Creating environment descriptor '/home/robo/ArduinoAndROS2Communication/install/custom_interfaces/share/custom_interfaces/hook/ld_library_path_lib.dsv'
[0.807s] INFO:colcon.colcon_core.shell:Creating environment hook '/home/robo/ArduinoAndROS2Communication/install/custom_interfaces/share/custom_interfaces/hook/ld_library_path_lib.sh'
[0.807s] Level 1:colcon.colcon_core.environment:checking '/home/robo/ArduinoAndROS2Communication/install/custom_interfaces/bin'
[0.807s] Level 1:colcon.colcon_core.environment:checking '/home/robo/ArduinoAndROS2Communication/install/custom_interfaces/lib/pkgconfig/custom_interfaces.pc'
[0.807s] Level 1:colcon.colcon_core.environment:checking '/home/robo/ArduinoAndROS2Communication/install/custom_interfaces/lib/python3.10/site-packages'
[0.807s] Level 1:colcon.colcon_core.environment:checking '/home/robo/ArduinoAndROS2Communication/install/custom_interfaces/bin'
[0.807s] INFO:colcon.colcon_core.shell:Creating package script '/home/robo/ArduinoAndROS2Communication/install/custom_interfaces/share/custom_interfaces/package.ps1'
[0.808s] INFO:colcon.colcon_core.shell:Creating package descriptor '/home/robo/ArduinoAndROS2Communication/install/custom_interfaces/share/custom_interfaces/package.dsv'
[0.808s] INFO:colcon.colcon_core.shell:Creating package script '/home/robo/ArduinoAndROS2Communication/install/custom_interfaces/share/custom_interfaces/package.sh'
[0.808s] INFO:colcon.colcon_core.shell:Creating package script '/home/robo/ArduinoAndROS2Communication/install/custom_interfaces/share/custom_interfaces/package.bash'
[0.808s] INFO:colcon.colcon_core.shell:Creating package script '/home/robo/ArduinoAndROS2Communication/install/custom_interfaces/share/custom_interfaces/package.zsh'
[0.809s] Level 1:colcon.colcon_core.environment:create_file_with_runtime_dependencies(/home/robo/ArduinoAndROS2Communication/install/custom_interfaces/share/colcon-core/packages/custom_interfaces)
[0.891s] Level 1:colcon.colcon_core.environment:checking '/home/robo/ArduinoAndROS2Communication/install/arduino_communication' for CMake module files
[0.891s] DEBUG:colcon.colcon_core.event_handler.log_command:Invoked command in '/home/robo/ArduinoAndROS2Communication/src/arduino_communication' returned '0': PYTHONPATH=/home/robo/ArduinoAndROS2Communication/build/arduino_communication/prefix_override:/usr/lib/python3/dist-packages/colcon_core/task/python/colcon_distutils_commands:/home/robo/ArduinoAndROS2Communication/install/arduino_communication/lib/python3.10/site-packages:${PYTHONPATH} /usr/bin/python3 -W ignore:setup.py install is deprecated setup.py egg_info --egg-base ../../build/arduino_communication build --build-base /home/robo/ArduinoAndROS2Communication/build/arduino_communication/build install --record /home/robo/ArduinoAndROS2Communication/build/arduino_communication/install.log --single-version-externally-managed install_data
[0.891s] Level 1:colcon.colcon_core.environment:checking '/home/robo/ArduinoAndROS2Communication/install/arduino_communication' for CMake config files
[0.892s] Level 1:colcon.colcon_core.environment:checking '/home/robo/ArduinoAndROS2Communication/install/arduino_communication/lib'
[0.892s] Level 1:colcon.colcon_core.environment:checking '/home/robo/ArduinoAndROS2Communication/install/arduino_communication/bin'
[0.892s] Level 1:colcon.colcon_core.environment:checking '/home/robo/ArduinoAndROS2Communication/install/arduino_communication/lib/pkgconfig/arduino_communication.pc'
[0.892s] Level 1:colcon.colcon_core.environment:checking '/home/robo/ArduinoAndROS2Communication/install/arduino_communication/lib/python3.10/site-packages'
[0.892s] Level 1:colcon.colcon_core.shell:create_environment_hook('arduino_communication', 'pythonpath')
[0.892s] INFO:colcon.colcon_core.shell:Creating environment hook '/home/robo/ArduinoAndROS2Communication/install/arduino_communication/share/arduino_communication/hook/pythonpath.ps1'
[0.892s] INFO:colcon.colcon_core.shell:Creating environment descriptor '/home/robo/ArduinoAndROS2Communication/install/arduino_communication/share/arduino_communication/hook/pythonpath.dsv'
[0.893s] INFO:colcon.colcon_core.shell:Creating environment hook '/home/robo/ArduinoAndROS2Communication/install/arduino_communication/share/arduino_communication/hook/pythonpath.sh'
[0.893s] Level 1:colcon.colcon_core.environment:checking '/home/robo/ArduinoAndROS2Communication/install/arduino_communication/bin'
[0.893s] Level 1:colcon.colcon_core.environment:create_environment_scripts_only(arduino_communication)
[0.893s] INFO:colcon.colcon_core.shell:Creating package script '/home/robo/ArduinoAndROS2Communication/install/arduino_communication/share/arduino_communication/package.ps1'
[0.893s] INFO:colcon.colcon_core.shell:Creating package descriptor '/home/robo/ArduinoAndROS2Communication/install/arduino_communication/share/arduino_communication/package.dsv'
[0.894s] INFO:colcon.colcon_core.shell:Creating package script '/home/robo/ArduinoAndROS2Communication/install/arduino_communication/share/arduino_communication/package.sh'
[0.894s] INFO:colcon.colcon_core.shell:Creating package script '/home/robo/ArduinoAndROS2Communication/install/arduino_communication/share/arduino_communication/package.bash'
[0.894s] INFO:colcon.colcon_core.shell:Creating package script '/home/robo/ArduinoAndROS2Communication/install/arduino_communication/share/arduino_communication/package.zsh'
[0.894s] Level 1:colcon.colcon_core.environment:create_file_with_runtime_dependencies(/home/robo/ArduinoAndROS2Communication/install/arduino_communication/share/colcon-core/packages/arduino_communication)
[0.894s] DEBUG:colcon.colcon_parallel_executor.executor.parallel:closing loop
[0.895s] DEBUG:colcon.colcon_parallel_executor.executor.parallel:loop closed
[0.895s] DEBUG:colcon.colcon_parallel_executor.executor.parallel:run_until_complete finished with '0'
[0.895s] DEBUG:colcon.colcon_core.event_reactor:joining thread
[0.898s] INFO:colcon.colcon_core.plugin_system:Skipping extension 'colcon_notification.desktop_notification.terminal_notifier': Not used on non-Darwin systems
[0.899s] INFO:colcon.colcon_core.plugin_system:Skipping extension 'colcon_notification.desktop_notification.win32': Not used on non-Windows systems
[0.899s] INFO:colcon.colcon_notification.desktop_notification:Sending desktop notification using 'notify2'
[0.907s] DEBUG:colcon.colcon_core.event_reactor:joined thread
[0.907s] INFO:colcon.colcon_core.shell:Creating prefix script '/home/robo/ArduinoAndROS2Communication/install/local_setup.ps1'
[0.908s] INFO:colcon.colcon_core.shell:Creating prefix util module '/home/robo/ArduinoAndROS2Communication/install/_local_setup_util_ps1.py'
[0.909s] INFO:colcon.colcon_core.shell:Creating prefix chain script '/home/robo/ArduinoAndROS2Communication/install/setup.ps1'
[0.911s] INFO:colcon.colcon_core.shell:Creating prefix script '/home/robo/ArduinoAndROS2Communication/install/local_setup.sh'
[0.911s] INFO:colcon.colcon_core.shell:Creating prefix util module '/home/robo/ArduinoAndROS2Communication/install/_local_setup_util_sh.py'
[0.911s] INFO:colcon.colcon_core.shell:Creating prefix chain script '/home/robo/ArduinoAndROS2Communication/install/setup.sh'
[0.912s] INFO:colcon.colcon_core.shell:Creating prefix script '/home/robo/ArduinoAndROS2Communication/install/local_setup.bash'
[0.912s] INFO:colcon.colcon_core.shell:Creating prefix chain script '/home/robo/ArduinoAndROS2Communication/install/setup.bash'
[0.913s] INFO:colcon.colcon_core.shell:Creating prefix script '/home/robo/ArduinoAndROS2Communication/install/local_setup.zsh'
[0.913s] INFO:colcon.colcon_core.shell:Creating prefix chain script '/home/robo/ArduinoAndROS2Communication/install/setup.zsh'
