[0.600s] Invoking command in '/home/robo/ArduinoAndROS2Communication/src/arduino_communication': PYTHONPATH=/home/robo/ArduinoAndROS2Communication/build/arduino_communication/prefix_override:/usr/lib/python3/dist-packages/colcon_core/task/python/colcon_distutils_commands:/home/robo/ArduinoAndROS2Communication/install/arduino_communication/lib/python3.10/site-packages:${PYTHONPATH} /usr/bin/python3 -W ignore:setup.py install is deprecated setup.py egg_info --egg-base ../../build/arduino_communication build --build-base /home/robo/ArduinoAndROS2Communication/build/arduino_communication/build install --record /home/robo/ArduinoAndROS2Communication/build/arduino_communication/install.log --single-version-externally-managed install_data
[0.806s] running egg_info
[0.807s] writing ../../build/arduino_communication/arduino_communication.egg-info/PKG-INFO
[0.808s] writing dependency_links to ../../build/arduino_communication/arduino_communication.egg-info/dependency_links.txt
[0.808s] writing entry points to ../../build/arduino_communication/arduino_communication.egg-info/entry_points.txt
[0.808s] writing requirements to ../../build/arduino_communication/arduino_communication.egg-info/requires.txt
[0.808s] writing top-level names to ../../build/arduino_communication/arduino_communication.egg-info/top_level.txt
[0.809s] reading manifest file '../../build/arduino_communication/arduino_communication.egg-info/SOURCES.txt'
[0.809s] adding license file 'LICENSE'
[0.810s] writing manifest file '../../build/arduino_communication/arduino_communication.egg-info/SOURCES.txt'
[0.810s] running build
[0.810s] running build_py
[0.810s] copying arduino_communication/serial_node_arduino.py -> /home/robo/ArduinoAndROS2Communication/build/arduino_communication/build/lib/arduino_communication
[0.810s] running install
[0.811s] running install_lib
[0.811s] copying /home/robo/ArduinoAndROS2Communication/build/arduino_communication/build/lib/arduino_communication/serial_node_arduino.py -> /home/robo/ArduinoAndROS2Communication/install/arduino_communication/lib/python3.10/site-packages/arduino_communication
[0.812s] byte-compiling /home/robo/ArduinoAndROS2Communication/install/arduino_communication/lib/python3.10/site-packages/arduino_communication/serial_node_arduino.py to serial_node_arduino.cpython-310.pyc
[0.813s] running install_data
[0.813s] running install_egg_info
[0.815s] removing '/home/robo/ArduinoAndROS2Communication/install/arduino_communication/lib/python3.10/site-packages/arduino_communication-0.0.0-py3.10.egg-info' (and everything under it)
[0.816s] Copying ../../build/arduino_communication/arduino_communication.egg-info to /home/robo/ArduinoAndROS2Communication/install/arduino_communication/lib/python3.10/site-packages/arduino_communication-0.0.0-py3.10.egg-info
[0.816s] running install_scripts
[0.837s] Installing serial_node_arduino script to /home/robo/ArduinoAndROS2Communication/install/arduino_communication/lib/arduino_communication
[0.837s] writing list of installed files to '/home/robo/ArduinoAndROS2Communication/build/arduino_communication/install.log'
[0.864s] Invoked command in '/home/robo/ArduinoAndROS2Communication/src/arduino_communication' returned '0': PYTHONPATH=/home/robo/ArduinoAndROS2Communication/build/arduino_communication/prefix_override:/usr/lib/python3/dist-packages/colcon_core/task/python/colcon_distutils_commands:/home/robo/ArduinoAndROS2Communication/install/arduino_communication/lib/python3.10/site-packages:${PYTHONPATH} /usr/bin/python3 -W ignore:setup.py install is deprecated setup.py egg_info --egg-base ../../build/arduino_communication build --build-base /home/robo/ArduinoAndROS2Communication/build/arduino_communication/build install --record /home/robo/ArduinoAndROS2Communication/build/arduino_communication/install.log --single-version-externally-managed install_data
