[0.172s] Invoking command in '/home/robo/ArduinoAndROS2Communication/build/custom_interfaces': CMAKE_PREFIX_PATH=${CMAKE_PREFIX_PATH}:/home/robo/ArduinoAndROS2Communication/install/arduino_communication:/opt/ros/humble /usr/bin/cmake /home/robo/ArduinoAndROS2Communication/src/custom_interfaces -DAMENT_CMAKE_SYMLINK_INSTALL=1 -DCMAKE_INSTALL_PREFIX=/home/robo/ArduinoAndROS2Communication/install/custom_interfaces
[0.235s] -- The C compiler identification is GNU 11.4.0
[0.299s] -- The CXX compiler identification is GNU 11.4.0
[0.305s] -- Detecting C compiler ABI info
[0.355s] -- Detecting C compiler ABI info - done
[0.360s] -- Check for working C compiler: /usr/bin/cc - skipped
[0.360s] -- Detecting C compile features
[0.361s] -- Detecting C compile features - done
[0.363s] -- Detecting CXX compiler ABI info
[0.423s] -- Detecting CXX compiler ABI info - done
[0.428s] -- Check for working CXX compiler: /usr/bin/c++ - skipped
[0.428s] -- Detecting CXX compile features
[0.429s] -- Detecting CXX compile features - done
[0.431s] -- Found ament_cmake: 1.3.9 (/opt/ros/humble/share/ament_cmake/cmake)
[0.539s] -- Found Python3: /usr/bin/python3 (found version "3.10.12") found components: Interpreter 
[0.586s] -- Override CMake install command with custom implementation using symlinks instead of copying resources
[0.608s] -- Found rosidl_default_generators: 1.2.0 (/opt/ros/humble/share/rosidl_default_generators/cmake)
[0.610s] -- Using all available rosidl_typesupport_c: rosidl_typesupport_fastrtps_c;rosidl_typesupport_introspection_c
[0.614s] -- Found rosidl_adapter: 3.1.5 (/opt/ros/humble/share/rosidl_adapter/cmake)
[0.639s] -- Using all available rosidl_typesupport_cpp: rosidl_typesupport_fastrtps_cpp;rosidl_typesupport_introspection_cpp
[0.834s] -- Found ament_cmake_ros: 0.10.0 (/opt/ros/humble/share/ament_cmake_ros/cmake)
[0.957s] -- Using all available rosidl_typesupport_c: rosidl_typesupport_fastrtps_c;rosidl_typesupport_introspection_c
[1.122s] -- Using all available rosidl_typesupport_cpp: rosidl_typesupport_fastrtps_cpp;rosidl_typesupport_introspection_cpp
[1.138s] -- Found PythonInterp: /usr/bin/python3 (found suitable version "3.10.12", minimum required is "3.6") 
[1.139s] -- Found python_cmake_module: 0.10.0 (/opt/ros/humble/share/python_cmake_module/cmake)
[1.163s] -- Found PythonLibs: /usr/lib/x86_64-linux-gnu/libpython3.10.so (found suitable version "3.10.12", minimum required is "3.5") 
[1.163s] -- Using PYTHON_EXECUTABLE: /usr/bin/python3
[1.164s] -- Using PYTHON_INCLUDE_DIRS: /usr/include/python3.10
[1.164s] -- Using PYTHON_LIBRARIES: /usr/lib/x86_64-linux-gnu/libpython3.10.so
[1.178s] -- Found PythonExtra: .so  
[1.201s] -- Found ament_lint_auto: 0.12.11 (/opt/ros/humble/share/ament_lint_auto/cmake)
[1.212s] -- Added test 'lint_cmake' to check CMake code style
[1.213s] -- Added test 'xmllint' to check XML markup files
[1.215s] -- Configuring done
[1.231s] -- Generating done
[1.232s] -- Build files have been written to: /home/robo/ArduinoAndROS2Communication/build/custom_interfaces
[1.237s] Invoked command in '/home/robo/ArduinoAndROS2Communication/build/custom_interfaces' returned '0': CMAKE_PREFIX_PATH=${CMAKE_PREFIX_PATH}:/home/robo/ArduinoAndROS2Communication/install/arduino_communication:/opt/ros/humble /usr/bin/cmake /home/robo/ArduinoAndROS2Communication/src/custom_interfaces -DAMENT_CMAKE_SYMLINK_INSTALL=1 -DCMAKE_INSTALL_PREFIX=/home/robo/ArduinoAndROS2Communication/install/custom_interfaces
[1.238s] Invoking command in '/home/robo/ArduinoAndROS2Communication/build/custom_interfaces': CMAKE_PREFIX_PATH=${CMAKE_PREFIX_PATH}:/home/robo/ArduinoAndROS2Communication/install/arduino_communication:/opt/ros/humble /usr/bin/cmake --build /home/robo/ArduinoAndROS2Communication/build/custom_interfaces -- -j8 -l8
[1.266s] [  3%] [34m[1mGenerating C code for ROS interfaces[0m
[1.272s] [  6%] [34m[1mGenerating C++ code for ROS interfaces[0m
[1.278s] [  6%] Built target ament_cmake_python_symlink_custom_interfaces
[1.456s] [  6%] Built target custom_interfaces__cpp
[1.458s] running egg_info
[1.458s] creating custom_interfaces.egg-info
[1.458s] writing custom_interfaces.egg-info/PKG-INFO
[1.459s] writing dependency_links to custom_interfaces.egg-info/dependency_links.txt
[1.459s] writing top-level names to custom_interfaces.egg-info/top_level.txt
[1.459s] writing manifest file 'custom_interfaces.egg-info/SOURCES.txt'
[1.461s] reading manifest file 'custom_interfaces.egg-info/SOURCES.txt'
[1.461s] writing manifest file 'custom_interfaces.egg-info/SOURCES.txt'
[1.464s] [ 12%] [32mBuilding C object CMakeFiles/custom_interfaces__rosidl_generator_c.dir/rosidl_generator_c/custom_interfaces/msg/detail/robot_state__functions.c.o[0m
[1.464s] [ 12%] [34m[1mGenerating C++ type support for eProsima Fast-RTPS[0m
[1.466s] [ 19%] [34m[1mGenerating C++ introspection for ROS interfaces[0m
[1.466s] [ 19%] [34m[1mGenerating C++ type support dispatch for ROS interfaces[0m
[1.494s] [ 19%] Built target ament_cmake_python_build_custom_interfaces_egg
[1.524s] [ 22%] [32m[1mLinking C shared library libcustom_interfaces__rosidl_generator_c.so[0m
[1.550s] [ 22%] Built target custom_interfaces__rosidl_generator_c
[1.558s] [ 25%] [34m[1mGenerating C type support for eProsima Fast-RTPS[0m
[1.560s] [ 32%] [34m[1mGenerating C introspection for ROS interfaces[0m
[1.560s] [ 32%] [34m[1mGenerating C type support dispatch for ROS interfaces[0m
[1.666s] [ 38%] [32mBuilding CXX object CMakeFiles/custom_interfaces__rosidl_typesupport_introspection_cpp.dir/rosidl_typesupport_introspection_cpp/custom_interfaces/msg/detail/robot_state__type_support.cpp.o[0m
[1.666s] [ 38%] [32mBuilding CXX object CMakeFiles/custom_interfaces__rosidl_typesupport_fastrtps_cpp.dir/rosidl_typesupport_fastrtps_cpp/custom_interfaces/msg/detail/dds_fastrtps/robot_state__type_support.cpp.o[0m
[1.695s] [ 41%] [32mBuilding CXX object CMakeFiles/custom_interfaces__rosidl_typesupport_cpp.dir/rosidl_typesupport_cpp/custom_interfaces/msg/robot_state__type_support.cpp.o[0m
[1.775s] [ 45%] [32mBuilding CXX object CMakeFiles/custom_interfaces__rosidl_typesupport_c.dir/rosidl_typesupport_c/custom_interfaces/msg/robot_state__type_support.cpp.o[0m
[1.797s] [ 48%] [32m[1mLinking CXX shared library libcustom_interfaces__rosidl_typesupport_c.so[0m
[1.828s] [ 48%] Built target custom_interfaces__rosidl_typesupport_c
[1.880s] [ 51%] [32mBuilding CXX object CMakeFiles/custom_interfaces__rosidl_typesupport_fastrtps_c.dir/rosidl_typesupport_fastrtps_c/custom_interfaces/msg/detail/robot_state__type_support_c.cpp.o[0m
[1.881s] [ 54%] [32mBuilding C object CMakeFiles/custom_interfaces__rosidl_typesupport_introspection_c.dir/rosidl_typesupport_introspection_c/custom_interfaces/msg/detail/robot_state__type_support.c.o[0m
[1.894s] [ 58%] [32m[1mLinking CXX shared library libcustom_interfaces__rosidl_typesupport_cpp.so[0m
[1.905s] [ 61%] [32m[1mLinking C shared library libcustom_interfaces__rosidl_typesupport_introspection_c.so[0m
[1.925s] [ 61%] Built target custom_interfaces__rosidl_typesupport_cpp
[1.927s] [ 61%] Built target custom_interfaces__rosidl_typesupport_introspection_c
[2.055s] [ 64%] [32m[1mLinking CXX shared library libcustom_interfaces__rosidl_typesupport_introspection_cpp.so[0m
[2.069s] [ 67%] [32m[1mLinking CXX shared library libcustom_interfaces__rosidl_typesupport_fastrtps_cpp.so[0m
[2.084s] [ 67%] Built target custom_interfaces__rosidl_typesupport_introspection_cpp
[2.117s] [ 70%] [32m[1mLinking CXX shared library libcustom_interfaces__rosidl_typesupport_fastrtps_c.so[0m
[2.129s] [ 70%] Built target custom_interfaces__rosidl_typesupport_fastrtps_cpp
[2.175s] [ 70%] Built target custom_interfaces__rosidl_typesupport_fastrtps_c
[2.188s] [ 70%] Built target custom_interfaces
[2.205s] [ 74%] [34m[1mGenerating Python code for ROS interfaces[0m
[2.410s] [ 74%] Built target custom_interfaces__py
[2.423s] [ 77%] [32mBuilding C object CMakeFiles/custom_interfaces__rosidl_generator_py.dir/rosidl_generator_py/custom_interfaces/msg/_robot_state_s.c.o[0m
[2.503s] [ 80%] [32m[1mLinking C shared library rosidl_generator_py/custom_interfaces/libcustom_interfaces__rosidl_generator_py.so[0m
[2.535s] [ 80%] Built target custom_interfaces__rosidl_generator_py
[2.552s] [ 90%] [32mBuilding C object CMakeFiles/custom_interfaces__rosidl_typesupport_fastrtps_c__pyext.dir/rosidl_generator_py/custom_interfaces/_custom_interfaces_s.ep.rosidl_typesupport_fastrtps_c.c.o[0m
[2.552s] [ 90%] [32mBuilding C object CMakeFiles/custom_interfaces__rosidl_typesupport_introspection_c__pyext.dir/rosidl_generator_py/custom_interfaces/_custom_interfaces_s.ep.rosidl_typesupport_introspection_c.c.o[0m
[2.552s] [ 90%] [32mBuilding C object CMakeFiles/custom_interfaces__rosidl_typesupport_c__pyext.dir/rosidl_generator_py/custom_interfaces/_custom_interfaces_s.ep.rosidl_typesupport_c.c.o[0m
[2.615s] [ 96%] [32m[1mLinking C shared library rosidl_generator_py/custom_interfaces/custom_interfaces_s__rosidl_typesupport_c.cpython-310-x86_64-linux-gnu.so[0m
[2.615s] [ 96%] [32m[1mLinking C shared library rosidl_generator_py/custom_interfaces/custom_interfaces_s__rosidl_typesupport_introspection_c.cpython-310-x86_64-linux-gnu.so[0m
[2.617s] [100%] [32m[1mLinking C shared library rosidl_generator_py/custom_interfaces/custom_interfaces_s__rosidl_typesupport_fastrtps_c.cpython-310-x86_64-linux-gnu.so[0m
[2.639s] [100%] Built target custom_interfaces__rosidl_typesupport_introspection_c__pyext
[2.639s] [100%] Built target custom_interfaces__rosidl_typesupport_fastrtps_c__pyext
[2.639s] [100%] Built target custom_interfaces__rosidl_typesupport_c__pyext
[2.648s] Invoked command in '/home/robo/ArduinoAndROS2Communication/build/custom_interfaces' returned '0': CMAKE_PREFIX_PATH=${CMAKE_PREFIX_PATH}:/home/robo/ArduinoAndROS2Communication/install/arduino_communication:/opt/ros/humble /usr/bin/cmake --build /home/robo/ArduinoAndROS2Communication/build/custom_interfaces -- -j8 -l8
[2.692s] Invoking command in '/home/robo/ArduinoAndROS2Communication/build/custom_interfaces': CMAKE_PREFIX_PATH=${CMAKE_PREFIX_PATH}:/home/robo/ArduinoAndROS2Communication/install/arduino_communication:/opt/ros/humble /usr/bin/cmake --install /home/robo/ArduinoAndROS2Communication/build/custom_interfaces
[2.697s] -- Install configuration: ""
[2.698s] -- Execute custom install script
[2.698s] -- Symlinking: /home/robo/ArduinoAndROS2Communication/install/custom_interfaces/share/ament_index/resource_index/rosidl_interfaces/custom_interfaces
[2.706s] -- Symlinking: /home/robo/ArduinoAndROS2Communication/install/custom_interfaces/include/custom_interfaces/custom_interfaces/msg/detail/robot_state__functions.h
[2.713s] -- Symlinking: /home/robo/ArduinoAndROS2Communication/install/custom_interfaces/include/custom_interfaces/custom_interfaces/msg/detail/robot_state__struct.h
[2.719s] -- Symlinking: /home/robo/ArduinoAndROS2Communication/install/custom_interfaces/include/custom_interfaces/custom_interfaces/msg/detail/robot_state__type_support.h
[2.726s] -- Symlinking: /home/robo/ArduinoAndROS2Communication/install/custom_interfaces/include/custom_interfaces/custom_interfaces/msg/robot_state.h
[2.732s] -- Symlinking: /home/robo/ArduinoAndROS2Communication/install/custom_interfaces/include/custom_interfaces/custom_interfaces/msg/rosidl_generator_c__visibility_control.h
[2.738s] -- Symlinking: /home/robo/ArduinoAndROS2Communication/install/custom_interfaces/share/custom_interfaces/environment/library_path.sh
[2.744s] -- Symlinking: /home/robo/ArduinoAndROS2Communication/install/custom_interfaces/share/custom_interfaces/environment/library_path.dsv
[2.750s] -- Symlinking: /home/robo/ArduinoAndROS2Communication/install/custom_interfaces/include/custom_interfaces/custom_interfaces/msg/detail/robot_state__rosidl_typesupport_fastrtps_c.h
[2.756s] -- Symlinking: /home/robo/ArduinoAndROS2Communication/install/custom_interfaces/include/custom_interfaces/custom_interfaces/msg/rosidl_typesupport_fastrtps_c__visibility_control.h
[2.762s] -- Symlinking: /home/robo/ArduinoAndROS2Communication/install/custom_interfaces/include/custom_interfaces/custom_interfaces/msg/detail/robot_state__rosidl_typesupport_introspection_c.h
[2.768s] -- Symlinking: /home/robo/ArduinoAndROS2Communication/install/custom_interfaces/include/custom_interfaces/custom_interfaces/msg/rosidl_typesupport_introspection_c__visibility_control.h
[2.774s] -- Symlinking: /home/robo/ArduinoAndROS2Communication/install/custom_interfaces/include/custom_interfaces/custom_interfaces/msg/detail/robot_state__builder.hpp
[2.780s] -- Symlinking: /home/robo/ArduinoAndROS2Communication/install/custom_interfaces/include/custom_interfaces/custom_interfaces/msg/detail/robot_state__struct.hpp
[2.786s] -- Symlinking: /home/robo/ArduinoAndROS2Communication/install/custom_interfaces/include/custom_interfaces/custom_interfaces/msg/detail/robot_state__traits.hpp
[2.792s] -- Symlinking: /home/robo/ArduinoAndROS2Communication/install/custom_interfaces/include/custom_interfaces/custom_interfaces/msg/robot_state.hpp
[2.798s] -- Symlinking: /home/robo/ArduinoAndROS2Communication/install/custom_interfaces/include/custom_interfaces/custom_interfaces/msg/detail/robot_state__rosidl_typesupport_fastrtps_cpp.hpp
[2.804s] -- Symlinking: /home/robo/ArduinoAndROS2Communication/install/custom_interfaces/include/custom_interfaces/custom_interfaces/msg/rosidl_typesupport_fastrtps_cpp__visibility_control.h
[2.810s] -- Symlinking: /home/robo/ArduinoAndROS2Communication/install/custom_interfaces/include/custom_interfaces/custom_interfaces/msg/detail/robot_state__rosidl_typesupport_introspection_cpp.hpp
[2.816s] -- Symlinking: /home/robo/ArduinoAndROS2Communication/install/custom_interfaces/share/custom_interfaces/environment/pythonpath.sh
[2.822s] -- Symlinking: /home/robo/ArduinoAndROS2Communication/install/custom_interfaces/share/custom_interfaces/environment/pythonpath.dsv
[2.828s] -- Symlinking: /home/robo/ArduinoAndROS2Communication/install/custom_interfaces/local/lib/python3.10/dist-packages/custom_interfaces-0.0.0-py3.10.egg-info/PKG-INFO
[2.834s] -- Symlinking: /home/robo/ArduinoAndROS2Communication/install/custom_interfaces/local/lib/python3.10/dist-packages/custom_interfaces-0.0.0-py3.10.egg-info/SOURCES.txt
[2.840s] -- Symlinking: /home/robo/ArduinoAndROS2Communication/install/custom_interfaces/local/lib/python3.10/dist-packages/custom_interfaces-0.0.0-py3.10.egg-info/dependency_links.txt
[2.846s] -- Symlinking: /home/robo/ArduinoAndROS2Communication/install/custom_interfaces/local/lib/python3.10/dist-packages/custom_interfaces-0.0.0-py3.10.egg-info/top_level.txt
[2.852s] -- Symlinking: /home/robo/ArduinoAndROS2Communication/install/custom_interfaces/local/lib/python3.10/dist-packages/custom_interfaces/__init__.py
[2.858s] -- Symlinking: /home/robo/ArduinoAndROS2Communication/install/custom_interfaces/local/lib/python3.10/dist-packages/custom_interfaces/_custom_interfaces_s.ep.rosidl_typesupport_c.c
[2.864s] -- Symlinking: /home/robo/ArduinoAndROS2Communication/install/custom_interfaces/local/lib/python3.10/dist-packages/custom_interfaces/_custom_interfaces_s.ep.rosidl_typesupport_fastrtps_c.c
[2.870s] -- Symlinking: /home/robo/ArduinoAndROS2Communication/install/custom_interfaces/local/lib/python3.10/dist-packages/custom_interfaces/_custom_interfaces_s.ep.rosidl_typesupport_introspection_c.c
[2.876s] -- Symlinking: /home/robo/ArduinoAndROS2Communication/install/custom_interfaces/local/lib/python3.10/dist-packages/custom_interfaces/custom_interfaces_s__rosidl_typesupport_c.cpython-310-x86_64-linux-gnu.so
[2.882s] -- Symlinking: /home/robo/ArduinoAndROS2Communication/install/custom_interfaces/local/lib/python3.10/dist-packages/custom_interfaces/custom_interfaces_s__rosidl_typesupport_fastrtps_c.cpython-310-x86_64-linux-gnu.so
[2.887s] -- Symlinking: /home/robo/ArduinoAndROS2Communication/install/custom_interfaces/local/lib/python3.10/dist-packages/custom_interfaces/custom_interfaces_s__rosidl_typesupport_introspection_c.cpython-310-x86_64-linux-gnu.so
[2.893s] -- Symlinking: /home/robo/ArduinoAndROS2Communication/install/custom_interfaces/local/lib/python3.10/dist-packages/custom_interfaces/libcustom_interfaces__rosidl_generator_py.so
[2.899s] -- Symlinking: /home/robo/ArduinoAndROS2Communication/install/custom_interfaces/local/lib/python3.10/dist-packages/custom_interfaces/msg/__init__.py
[2.907s] -- Symlinking: /home/robo/ArduinoAndROS2Communication/install/custom_interfaces/local/lib/python3.10/dist-packages/custom_interfaces/msg/_robot_state.py
[2.913s] -- Symlinking: /home/robo/ArduinoAndROS2Communication/install/custom_interfaces/local/lib/python3.10/dist-packages/custom_interfaces/msg/_robot_state_s.c
[2.919s] -- Up-to-date symlink: /home/robo/ArduinoAndROS2Communication/install/custom_interfaces/local/lib/python3.10/dist-packages/custom_interfaces/custom_interfaces_s__rosidl_typesupport_fastrtps_c.cpython-310-x86_64-linux-gnu.so
[2.920s] -- Up-to-date symlink: /home/robo/ArduinoAndROS2Communication/install/custom_interfaces/local/lib/python3.10/dist-packages/custom_interfaces/custom_interfaces_s__rosidl_typesupport_introspection_c.cpython-310-x86_64-linux-gnu.so
[2.920s] -- Up-to-date symlink: /home/robo/ArduinoAndROS2Communication/install/custom_interfaces/local/lib/python3.10/dist-packages/custom_interfaces/custom_interfaces_s__rosidl_typesupport_c.cpython-310-x86_64-linux-gnu.so
[2.920s] -- Symlinking: /home/robo/ArduinoAndROS2Communication/install/custom_interfaces/share/custom_interfaces/msg/RobotState.idl
[2.926s] -- Symlinking: /home/robo/ArduinoAndROS2Communication/install/custom_interfaces/share/custom_interfaces/msg/RobotState.msg
[2.932s] -- Symlinking: /home/robo/ArduinoAndROS2Communication/install/custom_interfaces/share/ament_index/resource_index/package_run_dependencies/custom_interfaces
[2.938s] -- Symlinking: /home/robo/ArduinoAndROS2Communication/install/custom_interfaces/share/ament_index/resource_index/parent_prefix_path/custom_interfaces
[2.944s] -- Symlinking: /home/robo/ArduinoAndROS2Communication/install/custom_interfaces/share/custom_interfaces/environment/ament_prefix_path.sh
[2.950s] -- Symlinking: /home/robo/ArduinoAndROS2Communication/install/custom_interfaces/share/custom_interfaces/environment/ament_prefix_path.dsv
[2.957s] -- Symlinking: /home/robo/ArduinoAndROS2Communication/install/custom_interfaces/share/custom_interfaces/environment/path.sh
[2.962s] -- Symlinking: /home/robo/ArduinoAndROS2Communication/install/custom_interfaces/share/custom_interfaces/environment/path.dsv
[2.968s] -- Symlinking: /home/robo/ArduinoAndROS2Communication/install/custom_interfaces/share/custom_interfaces/local_setup.bash
[2.974s] -- Symlinking: /home/robo/ArduinoAndROS2Communication/install/custom_interfaces/share/custom_interfaces/local_setup.sh
[2.980s] -- Symlinking: /home/robo/ArduinoAndROS2Communication/install/custom_interfaces/share/custom_interfaces/local_setup.zsh
[2.986s] -- Symlinking: /home/robo/ArduinoAndROS2Communication/install/custom_interfaces/share/custom_interfaces/local_setup.dsv
[2.992s] -- Symlinking: /home/robo/ArduinoAndROS2Communication/install/custom_interfaces/share/custom_interfaces/package.dsv
[2.998s] -- Symlinking: /home/robo/ArduinoAndROS2Communication/install/custom_interfaces/share/ament_index/resource_index/packages/custom_interfaces
[3.004s] -- Symlinking: /home/robo/ArduinoAndROS2Communication/install/custom_interfaces/share/custom_interfaces/cmake/rosidl_cmake-extras.cmake
[3.010s] -- Symlinking: /home/robo/ArduinoAndROS2Communication/install/custom_interfaces/share/custom_interfaces/cmake/ament_cmake_export_include_directories-extras.cmake
[3.016s] -- Symlinking: /home/robo/ArduinoAndROS2Communication/install/custom_interfaces/share/custom_interfaces/cmake/ament_cmake_export_libraries-extras.cmake
[3.022s] -- Symlinking: /home/robo/ArduinoAndROS2Communication/install/custom_interfaces/share/custom_interfaces/cmake/ament_cmake_export_targets-extras.cmake
[3.028s] -- Symlinking: /home/robo/ArduinoAndROS2Communication/install/custom_interfaces/share/custom_interfaces/cmake/rosidl_cmake_export_typesupport_targets-extras.cmake
[3.034s] -- Symlinking: /home/robo/ArduinoAndROS2Communication/install/custom_interfaces/share/custom_interfaces/cmake/ament_cmake_export_dependencies-extras.cmake
[3.040s] -- Symlinking: /home/robo/ArduinoAndROS2Communication/install/custom_interfaces/share/custom_interfaces/cmake/rosidl_cmake_export_typesupport_libraries-extras.cmake
[3.046s] -- Symlinking: /home/robo/ArduinoAndROS2Communication/install/custom_interfaces/share/custom_interfaces/cmake/custom_interfacesConfig.cmake
[3.052s] -- Symlinking: /home/robo/ArduinoAndROS2Communication/install/custom_interfaces/share/custom_interfaces/cmake/custom_interfacesConfig-version.cmake
[3.058s] -- Symlinking: /home/robo/ArduinoAndROS2Communication/install/custom_interfaces/share/custom_interfaces/package.xml
[3.064s] -- Installing: /home/robo/ArduinoAndROS2Communication/install/custom_interfaces/lib/libcustom_interfaces__rosidl_generator_c.so
[3.064s] -- Set runtime path of "/home/robo/ArduinoAndROS2Communication/install/custom_interfaces/lib/libcustom_interfaces__rosidl_generator_c.so" to ""
[3.064s] -- Installing: /home/robo/ArduinoAndROS2Communication/install/custom_interfaces/lib/libcustom_interfaces__rosidl_typesupport_fastrtps_c.so
[3.064s] -- Set runtime path of "/home/robo/ArduinoAndROS2Communication/install/custom_interfaces/lib/libcustom_interfaces__rosidl_typesupport_fastrtps_c.so" to ""
[3.064s] -- Installing: /home/robo/ArduinoAndROS2Communication/install/custom_interfaces/lib/libcustom_interfaces__rosidl_typesupport_introspection_c.so
[3.065s] -- Set runtime path of "/home/robo/ArduinoAndROS2Communication/install/custom_interfaces/lib/libcustom_interfaces__rosidl_typesupport_introspection_c.so" to ""
[3.065s] -- Installing: /home/robo/ArduinoAndROS2Communication/install/custom_interfaces/lib/libcustom_interfaces__rosidl_typesupport_c.so
[3.065s] -- Set runtime path of "/home/robo/ArduinoAndROS2Communication/install/custom_interfaces/lib/libcustom_interfaces__rosidl_typesupport_c.so" to ""
[3.065s] -- Installing: /home/robo/ArduinoAndROS2Communication/install/custom_interfaces/lib/libcustom_interfaces__rosidl_typesupport_fastrtps_cpp.so
[3.065s] -- Set runtime path of "/home/robo/ArduinoAndROS2Communication/install/custom_interfaces/lib/libcustom_interfaces__rosidl_typesupport_fastrtps_cpp.so" to ""
[3.065s] -- Installing: /home/robo/ArduinoAndROS2Communication/install/custom_interfaces/lib/libcustom_interfaces__rosidl_typesupport_introspection_cpp.so
[3.065s] -- Set runtime path of "/home/robo/ArduinoAndROS2Communication/install/custom_interfaces/lib/libcustom_interfaces__rosidl_typesupport_introspection_cpp.so" to ""
[3.065s] -- Installing: /home/robo/ArduinoAndROS2Communication/install/custom_interfaces/lib/libcustom_interfaces__rosidl_typesupport_cpp.so
[3.065s] -- Set runtime path of "/home/robo/ArduinoAndROS2Communication/install/custom_interfaces/lib/libcustom_interfaces__rosidl_typesupport_cpp.so" to ""
[3.096s] Listing '/home/robo/ArduinoAndROS2Communication/install/custom_interfaces/local/lib/python3.10/dist-packages/custom_interfaces'...
[3.096s] Compiling '/home/robo/ArduinoAndROS2Communication/install/custom_interfaces/local/lib/python3.10/dist-packages/custom_interfaces/__init__.py'...
[3.096s] Listing '/home/robo/ArduinoAndROS2Communication/install/custom_interfaces/local/lib/python3.10/dist-packages/custom_interfaces/msg'...
[3.096s] Compiling '/home/robo/ArduinoAndROS2Communication/install/custom_interfaces/local/lib/python3.10/dist-packages/custom_interfaces/msg/__init__.py'...
[3.096s] Compiling '/home/robo/ArduinoAndROS2Communication/install/custom_interfaces/local/lib/python3.10/dist-packages/custom_interfaces/msg/_robot_state.py'...
[3.099s] -- Installing: /home/robo/ArduinoAndROS2Communication/install/custom_interfaces/lib/libcustom_interfaces__rosidl_generator_py.so
[3.099s] -- Set runtime path of "/home/robo/ArduinoAndROS2Communication/install/custom_interfaces/lib/libcustom_interfaces__rosidl_generator_py.so" to ""
[3.099s] -- Installing: /home/robo/ArduinoAndROS2Communication/install/custom_interfaces/share/custom_interfaces/cmake/export_custom_interfaces__rosidl_generator_cExport.cmake
[3.100s] -- Installing: /home/robo/ArduinoAndROS2Communication/install/custom_interfaces/share/custom_interfaces/cmake/export_custom_interfaces__rosidl_generator_cExport-noconfig.cmake
[3.100s] -- Installing: /home/robo/ArduinoAndROS2Communication/install/custom_interfaces/share/custom_interfaces/cmake/export_custom_interfaces__rosidl_typesupport_fastrtps_cExport.cmake
[3.100s] -- Installing: /home/robo/ArduinoAndROS2Communication/install/custom_interfaces/share/custom_interfaces/cmake/export_custom_interfaces__rosidl_typesupport_fastrtps_cExport-noconfig.cmake
[3.100s] -- Installing: /home/robo/ArduinoAndROS2Communication/install/custom_interfaces/share/custom_interfaces/cmake/custom_interfaces__rosidl_typesupport_introspection_cExport.cmake
[3.100s] -- Installing: /home/robo/ArduinoAndROS2Communication/install/custom_interfaces/share/custom_interfaces/cmake/custom_interfaces__rosidl_typesupport_introspection_cExport-noconfig.cmake
[3.100s] -- Installing: /home/robo/ArduinoAndROS2Communication/install/custom_interfaces/share/custom_interfaces/cmake/custom_interfaces__rosidl_typesupport_cExport.cmake
[3.100s] -- Installing: /home/robo/ArduinoAndROS2Communication/install/custom_interfaces/share/custom_interfaces/cmake/custom_interfaces__rosidl_typesupport_cExport-noconfig.cmake
[3.100s] -- Installing: /home/robo/ArduinoAndROS2Communication/install/custom_interfaces/share/custom_interfaces/cmake/export_custom_interfaces__rosidl_generator_cppExport.cmake
[3.100s] -- Installing: /home/robo/ArduinoAndROS2Communication/install/custom_interfaces/share/custom_interfaces/cmake/export_custom_interfaces__rosidl_typesupport_fastrtps_cppExport.cmake
[3.100s] -- Installing: /home/robo/ArduinoAndROS2Communication/install/custom_interfaces/share/custom_interfaces/cmake/export_custom_interfaces__rosidl_typesupport_fastrtps_cppExport-noconfig.cmake
[3.100s] -- Installing: /home/robo/ArduinoAndROS2Communication/install/custom_interfaces/share/custom_interfaces/cmake/custom_interfaces__rosidl_typesupport_introspection_cppExport.cmake
[3.100s] -- Installing: /home/robo/ArduinoAndROS2Communication/install/custom_interfaces/share/custom_interfaces/cmake/custom_interfaces__rosidl_typesupport_introspection_cppExport-noconfig.cmake
[3.101s] -- Installing: /home/robo/ArduinoAndROS2Communication/install/custom_interfaces/share/custom_interfaces/cmake/custom_interfaces__rosidl_typesupport_cppExport.cmake
[3.101s] -- Installing: /home/robo/ArduinoAndROS2Communication/install/custom_interfaces/share/custom_interfaces/cmake/custom_interfaces__rosidl_typesupport_cppExport-noconfig.cmake
[3.101s] -- Installing: /home/robo/ArduinoAndROS2Communication/install/custom_interfaces/share/custom_interfaces/cmake/export_custom_interfaces__rosidl_generator_pyExport.cmake
[3.101s] -- Installing: /home/robo/ArduinoAndROS2Communication/install/custom_interfaces/share/custom_interfaces/cmake/export_custom_interfaces__rosidl_generator_pyExport-noconfig.cmake
[3.103s] Invoked command in '/home/robo/ArduinoAndROS2Communication/build/custom_interfaces' returned '0': CMAKE_PREFIX_PATH=${CMAKE_PREFIX_PATH}:/home/robo/ArduinoAndROS2Communication/install/arduino_communication:/opt/ros/humble /usr/bin/cmake --install /home/robo/ArduinoAndROS2Communication/build/custom_interfaces
