[0.179s] Invoking command in '/home/robo/ArduinoAndROS2Communication/build/custom_interfaces': CMAKE_PREFIX_PATH=/opt/ros/humble /usr/bin/cmake /home/robo/ArduinoAndROS2Communication/src/custom_interfaces -DCMAKE_INSTALL_PREFIX=/home/robo/ArduinoAndROS2Communication/install/custom_interfaces
[0.220s] -- The C compiler identification is GNU 11.4.0
[0.263s] -- The CXX compiler identification is GNU 11.4.0
[0.268s] -- Detecting C compiler ABI info
[0.316s] -- Detecting C compiler ABI info - done
[0.321s] -- Check for working C compiler: /usr/bin/cc - skipped
[0.322s] -- Detecting C compile features
[0.322s] -- Detecting C compile features - done
[0.324s] -- Detecting CXX compiler ABI info
[0.383s] -- Detecting CXX compiler ABI info - done
[0.388s] -- Check for working CXX compiler: /usr/bin/c++ - skipped
[0.388s] -- Detecting CXX compile features
[0.389s] -- Detecting CXX compile features - done
[0.390s] -- Found ament_cmake: 1.3.9 (/opt/ros/humble/share/ament_cmake/cmake)
[0.509s] -- Found Python3: /usr/bin/python3 (found version "3.10.12") found components: Interpreter 
[0.580s] -- Found rosidl_default_generators: 1.2.0 (/opt/ros/humble/share/rosidl_default_generators/cmake)
[0.582s] -- Using all available rosidl_typesupport_c: rosidl_typesupport_fastrtps_c;rosidl_typesupport_introspection_c
[0.586s] -- Found rosidl_adapter: 3.1.5 (/opt/ros/humble/share/rosidl_adapter/cmake)
[0.612s] -- Using all available rosidl_typesupport_cpp: rosidl_typesupport_fastrtps_cpp;rosidl_typesupport_introspection_cpp
[0.811s] -- Found ament_cmake_ros: 0.10.0 (/opt/ros/humble/share/ament_cmake_ros/cmake)
[0.937s] -- Using all available rosidl_typesupport_c: rosidl_typesupport_fastrtps_c;rosidl_typesupport_introspection_c
[1.101s] -- Using all available rosidl_typesupport_cpp: rosidl_typesupport_fastrtps_cpp;rosidl_typesupport_introspection_cpp
[1.117s] -- Found PythonInterp: /usr/bin/python3 (found suitable version "3.10.12", minimum required is "3.6") 
[1.118s] -- Found python_cmake_module: 0.10.0 (/opt/ros/humble/share/python_cmake_module/cmake)
[1.139s] -- Found PythonLibs: /usr/lib/x86_64-linux-gnu/libpython3.10.so (found suitable version "3.10.12", minimum required is "3.5") 
[1.139s] -- Using PYTHON_EXECUTABLE: /usr/bin/python3
[1.139s] -- Using PYTHON_INCLUDE_DIRS: /usr/include/python3.10
[1.139s] -- Using PYTHON_LIBRARIES: /usr/lib/x86_64-linux-gnu/libpython3.10.so
[1.154s] -- Found PythonExtra: .so  
[1.176s] -- Found ament_lint_auto: 0.12.11 (/opt/ros/humble/share/ament_lint_auto/cmake)
[1.185s] -- Added test 'lint_cmake' to check CMake code style
[1.186s] -- Added test 'xmllint' to check XML markup files
[1.187s] -- Configuring done
[1.204s] -- Generating done
[1.206s] -- Build files have been written to: /home/robo/ArduinoAndROS2Communication/build/custom_interfaces
[1.211s] Invoked command in '/home/robo/ArduinoAndROS2Communication/build/custom_interfaces' returned '0': CMAKE_PREFIX_PATH=/opt/ros/humble /usr/bin/cmake /home/robo/ArduinoAndROS2Communication/src/custom_interfaces -DCMAKE_INSTALL_PREFIX=/home/robo/ArduinoAndROS2Communication/install/custom_interfaces
[1.212s] Invoking command in '/home/robo/ArduinoAndROS2Communication/build/custom_interfaces': CMAKE_PREFIX_PATH=/opt/ros/humble /usr/bin/cmake --build /home/robo/ArduinoAndROS2Communication/build/custom_interfaces -- -j8 -l8
[1.244s] [  3%] [34m[1mGenerating C code for ROS interfaces[0m
[1.251s] [  6%] [34m[1mGenerating C++ code for ROS interfaces[0m
[1.257s] [  6%] Built target ament_cmake_python_copy_custom_interfaces
[1.447s] [  6%] Built target custom_interfaces__cpp
[1.451s] running egg_info
[1.451s] creating custom_interfaces.egg-info
[1.451s] writing custom_interfaces.egg-info/PKG-INFO
[1.451s] writing dependency_links to custom_interfaces.egg-info/dependency_links.txt
[1.452s] writing top-level names to custom_interfaces.egg-info/top_level.txt
[1.452s] writing manifest file 'custom_interfaces.egg-info/SOURCES.txt'
[1.454s] reading manifest file 'custom_interfaces.egg-info/SOURCES.txt'
[1.454s] [  9%] [34m[1mGenerating C++ type support dispatch for ROS interfaces[0m
[1.454s] [ 12%] [32mBuilding C object CMakeFiles/custom_interfaces__rosidl_generator_c.dir/rosidl_generator_c/custom_interfaces/msg/detail/robot_state__functions.c.o[0m
[1.454s] writing manifest file 'custom_interfaces.egg-info/SOURCES.txt'
[1.455s] [ 16%] [34m[1mGenerating C++ type support for eProsima Fast-RTPS[0m
[1.455s] [ 19%] [34m[1mGenerating C++ introspection for ROS interfaces[0m
[1.483s] [ 19%] Built target ament_cmake_python_build_custom_interfaces_egg
[1.493s] [ 22%] [32m[1mLinking C shared library libcustom_interfaces__rosidl_generator_c.so[0m
[1.521s] [ 22%] Built target custom_interfaces__rosidl_generator_c
[1.531s] [ 25%] [34m[1mGenerating C type support dispatch for ROS interfaces[0m
[1.531s] [ 32%] [34m[1mGenerating C introspection for ROS interfaces[0m
[1.532s] [ 32%] [34m[1mGenerating C type support for eProsima Fast-RTPS[0m
[1.712s] [ 35%] [32mBuilding CXX object CMakeFiles/custom_interfaces__rosidl_typesupport_introspection_cpp.dir/rosidl_typesupport_introspection_cpp/custom_interfaces/msg/detail/robot_state__type_support.cpp.o[0m
[1.773s] [ 38%] [32mBuilding CXX object CMakeFiles/custom_interfaces__rosidl_typesupport_cpp.dir/rosidl_typesupport_cpp/custom_interfaces/msg/robot_state__type_support.cpp.o[0m
[1.774s] [ 41%] [32mBuilding CXX object CMakeFiles/custom_interfaces__rosidl_typesupport_c.dir/rosidl_typesupport_c/custom_interfaces/msg/robot_state__type_support.cpp.o[0m
[1.782s] [ 45%] [32mBuilding C object CMakeFiles/custom_interfaces__rosidl_typesupport_introspection_c.dir/rosidl_typesupport_introspection_c/custom_interfaces/msg/detail/robot_state__type_support.c.o[0m
[1.783s] [ 48%] [32mBuilding CXX object CMakeFiles/custom_interfaces__rosidl_typesupport_fastrtps_c.dir/rosidl_typesupport_fastrtps_c/custom_interfaces/msg/detail/robot_state__type_support_c.cpp.o[0m
[1.790s] [ 51%] [32mBuilding CXX object CMakeFiles/custom_interfaces__rosidl_typesupport_fastrtps_cpp.dir/rosidl_typesupport_fastrtps_cpp/custom_interfaces/msg/detail/dds_fastrtps/robot_state__type_support.cpp.o[0m
[1.807s] [ 54%] [32m[1mLinking CXX shared library libcustom_interfaces__rosidl_typesupport_c.so[0m
[1.807s] [ 58%] [32m[1mLinking C shared library libcustom_interfaces__rosidl_typesupport_introspection_c.so[0m
[1.842s] [ 58%] Built target custom_interfaces__rosidl_typesupport_introspection_c
[1.846s] [ 58%] Built target custom_interfaces__rosidl_typesupport_c
[2.015s] [ 61%] [32m[1mLinking CXX shared library libcustom_interfaces__rosidl_typesupport_cpp.so[0m
[2.034s] [ 64%] [32m[1mLinking CXX shared library libcustom_interfaces__rosidl_typesupport_introspection_cpp.so[0m
[2.050s] [ 64%] Built target custom_interfaces__rosidl_typesupport_cpp
[2.067s] [ 64%] Built target custom_interfaces__rosidl_typesupport_introspection_cpp
[2.079s] [ 67%] [32m[1mLinking CXX shared library libcustom_interfaces__rosidl_typesupport_fastrtps_c.so[0m
[2.091s] [ 70%] [32m[1mLinking CXX shared library libcustom_interfaces__rosidl_typesupport_fastrtps_cpp.so[0m
[2.159s] [ 70%] Built target custom_interfaces__rosidl_typesupport_fastrtps_c
[2.169s] [ 70%] Built target custom_interfaces__rosidl_typesupport_fastrtps_cpp
[2.183s] [ 70%] Built target custom_interfaces
[2.200s] [ 74%] [34m[1mGenerating Python code for ROS interfaces[0m
[2.410s] [ 74%] Built target custom_interfaces__py
[2.423s] [ 77%] [32mBuilding C object CMakeFiles/custom_interfaces__rosidl_generator_py.dir/rosidl_generator_py/custom_interfaces/msg/_robot_state_s.c.o[0m
[2.502s] [ 80%] [32m[1mLinking C shared library rosidl_generator_py/custom_interfaces/libcustom_interfaces__rosidl_generator_py.so[0m
[2.531s] [ 80%] Built target custom_interfaces__rosidl_generator_py
[2.548s] [ 90%] [32mBuilding C object CMakeFiles/custom_interfaces__rosidl_typesupport_introspection_c__pyext.dir/rosidl_generator_py/custom_interfaces/_custom_interfaces_s.ep.rosidl_typesupport_introspection_c.c.o[0m
[2.548s] [ 90%] [32mBuilding C object CMakeFiles/custom_interfaces__rosidl_typesupport_fastrtps_c__pyext.dir/rosidl_generator_py/custom_interfaces/_custom_interfaces_s.ep.rosidl_typesupport_fastrtps_c.c.o[0m
[2.548s] [ 90%] [32mBuilding C object CMakeFiles/custom_interfaces__rosidl_typesupport_c__pyext.dir/rosidl_generator_py/custom_interfaces/_custom_interfaces_s.ep.rosidl_typesupport_c.c.o[0m
[2.612s] [ 96%] [32m[1mLinking C shared library rosidl_generator_py/custom_interfaces/custom_interfaces_s__rosidl_typesupport_introspection_c.cpython-310-x86_64-linux-gnu.so[0m
[2.612s] [ 96%] [32m[1mLinking C shared library rosidl_generator_py/custom_interfaces/custom_interfaces_s__rosidl_typesupport_c.cpython-310-x86_64-linux-gnu.so[0m
[2.612s] [100%] [32m[1mLinking C shared library rosidl_generator_py/custom_interfaces/custom_interfaces_s__rosidl_typesupport_fastrtps_c.cpython-310-x86_64-linux-gnu.so[0m
[2.640s] [100%] Built target custom_interfaces__rosidl_typesupport_c__pyext
[2.640s] [100%] Built target custom_interfaces__rosidl_typesupport_fastrtps_c__pyext
[2.640s] [100%] Built target custom_interfaces__rosidl_typesupport_introspection_c__pyext
[2.648s] Invoked command in '/home/robo/ArduinoAndROS2Communication/build/custom_interfaces' returned '0': CMAKE_PREFIX_PATH=/opt/ros/humble /usr/bin/cmake --build /home/robo/ArduinoAndROS2Communication/build/custom_interfaces -- -j8 -l8
[2.691s] Invoking command in '/home/robo/ArduinoAndROS2Communication/build/custom_interfaces': CMAKE_PREFIX_PATH=/opt/ros/humble /usr/bin/cmake --install /home/robo/ArduinoAndROS2Communication/build/custom_interfaces
[2.697s] -- Install configuration: ""
[2.697s] -- Installing: /home/robo/ArduinoAndROS2Communication/install/custom_interfaces/share/ament_index/resource_index/rosidl_interfaces/custom_interfaces
[2.697s] -- Installing: /home/robo/ArduinoAndROS2Communication/install/custom_interfaces/include/custom_interfaces/custom_interfaces
[2.697s] -- Installing: /home/robo/ArduinoAndROS2Communication/install/custom_interfaces/include/custom_interfaces/custom_interfaces/msg
[2.697s] -- Installing: /home/robo/ArduinoAndROS2Communication/install/custom_interfaces/include/custom_interfaces/custom_interfaces/msg/rosidl_generator_c__visibility_control.h
[2.697s] -- Installing: /home/robo/ArduinoAndROS2Communication/install/custom_interfaces/include/custom_interfaces/custom_interfaces/msg/robot_state.h
[2.697s] -- Installing: /home/robo/ArduinoAndROS2Communication/install/custom_interfaces/include/custom_interfaces/custom_interfaces/msg/detail
[2.697s] -- Installing: /home/robo/ArduinoAndROS2Communication/install/custom_interfaces/include/custom_interfaces/custom_interfaces/msg/detail/robot_state__functions.h
[2.698s] -- Installing: /home/robo/ArduinoAndROS2Communication/install/custom_interfaces/include/custom_interfaces/custom_interfaces/msg/detail/robot_state__functions.c
[2.698s] -- Installing: /home/robo/ArduinoAndROS2Communication/install/custom_interfaces/include/custom_interfaces/custom_interfaces/msg/detail/robot_state__type_support.h
[2.698s] -- Installing: /home/robo/ArduinoAndROS2Communication/install/custom_interfaces/include/custom_interfaces/custom_interfaces/msg/detail/robot_state__struct.h
[2.698s] -- Installing: /home/robo/ArduinoAndROS2Communication/install/custom_interfaces/share/custom_interfaces/environment/library_path.sh
[2.698s] -- Installing: /home/robo/ArduinoAndROS2Communication/install/custom_interfaces/share/custom_interfaces/environment/library_path.dsv
[2.698s] -- Installing: /home/robo/ArduinoAndROS2Communication/install/custom_interfaces/lib/libcustom_interfaces__rosidl_generator_c.so
[2.698s] -- Set runtime path of "/home/robo/ArduinoAndROS2Communication/install/custom_interfaces/lib/libcustom_interfaces__rosidl_generator_c.so" to ""
[2.698s] -- Up-to-date: /home/robo/ArduinoAndROS2Communication/install/custom_interfaces/include/custom_interfaces/custom_interfaces
[2.698s] -- Up-to-date: /home/robo/ArduinoAndROS2Communication/install/custom_interfaces/include/custom_interfaces/custom_interfaces/msg
[2.698s] -- Installing: /home/robo/ArduinoAndROS2Communication/install/custom_interfaces/include/custom_interfaces/custom_interfaces/msg/rosidl_typesupport_fastrtps_c__visibility_control.h
[2.698s] -- Up-to-date: /home/robo/ArduinoAndROS2Communication/install/custom_interfaces/include/custom_interfaces/custom_interfaces/msg/detail
[2.698s] -- Installing: /home/robo/ArduinoAndROS2Communication/install/custom_interfaces/include/custom_interfaces/custom_interfaces/msg/detail/robot_state__rosidl_typesupport_fastrtps_c.h
[2.698s] -- Installing: /home/robo/ArduinoAndROS2Communication/install/custom_interfaces/lib/libcustom_interfaces__rosidl_typesupport_fastrtps_c.so
[2.698s] -- Set runtime path of "/home/robo/ArduinoAndROS2Communication/install/custom_interfaces/lib/libcustom_interfaces__rosidl_typesupport_fastrtps_c.so" to ""
[2.698s] -- Up-to-date: /home/robo/ArduinoAndROS2Communication/install/custom_interfaces/include/custom_interfaces/custom_interfaces
[2.699s] -- Up-to-date: /home/robo/ArduinoAndROS2Communication/install/custom_interfaces/include/custom_interfaces/custom_interfaces/msg
[2.699s] -- Installing: /home/robo/ArduinoAndROS2Communication/install/custom_interfaces/include/custom_interfaces/custom_interfaces/msg/rosidl_typesupport_introspection_c__visibility_control.h
[2.699s] -- Up-to-date: /home/robo/ArduinoAndROS2Communication/install/custom_interfaces/include/custom_interfaces/custom_interfaces/msg/detail
[2.699s] -- Installing: /home/robo/ArduinoAndROS2Communication/install/custom_interfaces/include/custom_interfaces/custom_interfaces/msg/detail/robot_state__rosidl_typesupport_introspection_c.h
[2.699s] -- Installing: /home/robo/ArduinoAndROS2Communication/install/custom_interfaces/include/custom_interfaces/custom_interfaces/msg/detail/robot_state__type_support.c
[2.699s] -- Installing: /home/robo/ArduinoAndROS2Communication/install/custom_interfaces/lib/libcustom_interfaces__rosidl_typesupport_introspection_c.so
[2.699s] -- Set runtime path of "/home/robo/ArduinoAndROS2Communication/install/custom_interfaces/lib/libcustom_interfaces__rosidl_typesupport_introspection_c.so" to ""
[2.699s] -- Installing: /home/robo/ArduinoAndROS2Communication/install/custom_interfaces/lib/libcustom_interfaces__rosidl_typesupport_c.so
[2.699s] -- Set runtime path of "/home/robo/ArduinoAndROS2Communication/install/custom_interfaces/lib/libcustom_interfaces__rosidl_typesupport_c.so" to ""
[2.699s] -- Up-to-date: /home/robo/ArduinoAndROS2Communication/install/custom_interfaces/include/custom_interfaces/custom_interfaces
[2.699s] -- Up-to-date: /home/robo/ArduinoAndROS2Communication/install/custom_interfaces/include/custom_interfaces/custom_interfaces/msg
[2.699s] -- Installing: /home/robo/ArduinoAndROS2Communication/install/custom_interfaces/include/custom_interfaces/custom_interfaces/msg/robot_state.hpp
[2.699s] -- Up-to-date: /home/robo/ArduinoAndROS2Communication/install/custom_interfaces/include/custom_interfaces/custom_interfaces/msg/detail
[2.699s] -- Installing: /home/robo/ArduinoAndROS2Communication/install/custom_interfaces/include/custom_interfaces/custom_interfaces/msg/detail/robot_state__builder.hpp
[2.699s] -- Installing: /home/robo/ArduinoAndROS2Communication/install/custom_interfaces/include/custom_interfaces/custom_interfaces/msg/detail/robot_state__struct.hpp
[2.699s] -- Installing: /home/robo/ArduinoAndROS2Communication/install/custom_interfaces/include/custom_interfaces/custom_interfaces/msg/detail/robot_state__traits.hpp
[2.700s] -- Up-to-date: /home/robo/ArduinoAndROS2Communication/install/custom_interfaces/include/custom_interfaces/custom_interfaces
[2.700s] -- Up-to-date: /home/robo/ArduinoAndROS2Communication/install/custom_interfaces/include/custom_interfaces/custom_interfaces/msg
[2.700s] -- Up-to-date: /home/robo/ArduinoAndROS2Communication/install/custom_interfaces/include/custom_interfaces/custom_interfaces/msg/detail
[2.700s] -- Installing: /home/robo/ArduinoAndROS2Communication/install/custom_interfaces/include/custom_interfaces/custom_interfaces/msg/detail/robot_state__rosidl_typesupport_fastrtps_cpp.hpp
[2.700s] -- Installing: /home/robo/ArduinoAndROS2Communication/install/custom_interfaces/include/custom_interfaces/custom_interfaces/msg/detail/dds_fastrtps
[2.700s] -- Installing: /home/robo/ArduinoAndROS2Communication/install/custom_interfaces/include/custom_interfaces/custom_interfaces/msg/rosidl_typesupport_fastrtps_cpp__visibility_control.h
[2.700s] -- Installing: /home/robo/ArduinoAndROS2Communication/install/custom_interfaces/lib/libcustom_interfaces__rosidl_typesupport_fastrtps_cpp.so
[2.700s] -- Set runtime path of "/home/robo/ArduinoAndROS2Communication/install/custom_interfaces/lib/libcustom_interfaces__rosidl_typesupport_fastrtps_cpp.so" to ""
[2.700s] -- Up-to-date: /home/robo/ArduinoAndROS2Communication/install/custom_interfaces/include/custom_interfaces/custom_interfaces
[2.700s] -- Up-to-date: /home/robo/ArduinoAndROS2Communication/install/custom_interfaces/include/custom_interfaces/custom_interfaces/msg
[2.700s] -- Up-to-date: /home/robo/ArduinoAndROS2Communication/install/custom_interfaces/include/custom_interfaces/custom_interfaces/msg/detail
[2.700s] -- Installing: /home/robo/ArduinoAndROS2Communication/install/custom_interfaces/include/custom_interfaces/custom_interfaces/msg/detail/robot_state__rosidl_typesupport_introspection_cpp.hpp
[2.700s] -- Installing: /home/robo/ArduinoAndROS2Communication/install/custom_interfaces/include/custom_interfaces/custom_interfaces/msg/detail/robot_state__type_support.cpp
[2.700s] -- Installing: /home/robo/ArduinoAndROS2Communication/install/custom_interfaces/lib/libcustom_interfaces__rosidl_typesupport_introspection_cpp.so
[2.700s] -- Set runtime path of "/home/robo/ArduinoAndROS2Communication/install/custom_interfaces/lib/libcustom_interfaces__rosidl_typesupport_introspection_cpp.so" to ""
[2.700s] -- Installing: /home/robo/ArduinoAndROS2Communication/install/custom_interfaces/lib/libcustom_interfaces__rosidl_typesupport_cpp.so
[2.700s] -- Set runtime path of "/home/robo/ArduinoAndROS2Communication/install/custom_interfaces/lib/libcustom_interfaces__rosidl_typesupport_cpp.so" to ""
[2.700s] -- Installing: /home/robo/ArduinoAndROS2Communication/install/custom_interfaces/share/custom_interfaces/environment/pythonpath.sh
[2.700s] -- Installing: /home/robo/ArduinoAndROS2Communication/install/custom_interfaces/share/custom_interfaces/environment/pythonpath.dsv
[2.701s] -- Installing: /home/robo/ArduinoAndROS2Communication/install/custom_interfaces/local/lib/python3.10/dist-packages/custom_interfaces-0.0.0-py3.10.egg-info
[2.701s] -- Installing: /home/robo/ArduinoAndROS2Communication/install/custom_interfaces/local/lib/python3.10/dist-packages/custom_interfaces-0.0.0-py3.10.egg-info/top_level.txt
[2.701s] -- Installing: /home/robo/ArduinoAndROS2Communication/install/custom_interfaces/local/lib/python3.10/dist-packages/custom_interfaces-0.0.0-py3.10.egg-info/PKG-INFO
[2.701s] -- Installing: /home/robo/ArduinoAndROS2Communication/install/custom_interfaces/local/lib/python3.10/dist-packages/custom_interfaces-0.0.0-py3.10.egg-info/dependency_links.txt
[2.701s] -- Installing: /home/robo/ArduinoAndROS2Communication/install/custom_interfaces/local/lib/python3.10/dist-packages/custom_interfaces-0.0.0-py3.10.egg-info/SOURCES.txt
[2.701s] -- Installing: /home/robo/ArduinoAndROS2Communication/install/custom_interfaces/local/lib/python3.10/dist-packages/custom_interfaces
[2.701s] -- Installing: /home/robo/ArduinoAndROS2Communication/install/custom_interfaces/local/lib/python3.10/dist-packages/custom_interfaces/_custom_interfaces_s.ep.rosidl_typesupport_fastrtps_c.c
[2.701s] -- Installing: /home/robo/ArduinoAndROS2Communication/install/custom_interfaces/local/lib/python3.10/dist-packages/custom_interfaces/__init__.py
[2.701s] -- Installing: /home/robo/ArduinoAndROS2Communication/install/custom_interfaces/local/lib/python3.10/dist-packages/custom_interfaces/custom_interfaces_s__rosidl_typesupport_fastrtps_c.cpython-310-x86_64-linux-gnu.so
[2.701s] -- Installing: /home/robo/ArduinoAndROS2Communication/install/custom_interfaces/local/lib/python3.10/dist-packages/custom_interfaces/_custom_interfaces_s.ep.rosidl_typesupport_c.c
[2.701s] -- Installing: /home/robo/ArduinoAndROS2Communication/install/custom_interfaces/local/lib/python3.10/dist-packages/custom_interfaces/_custom_interfaces_s.ep.rosidl_typesupport_introspection_c.c
[2.701s] -- Installing: /home/robo/ArduinoAndROS2Communication/install/custom_interfaces/local/lib/python3.10/dist-packages/custom_interfaces/libcustom_interfaces__rosidl_generator_py.so
[2.701s] -- Installing: /home/robo/ArduinoAndROS2Communication/install/custom_interfaces/local/lib/python3.10/dist-packages/custom_interfaces/msg
[2.701s] -- Installing: /home/robo/ArduinoAndROS2Communication/install/custom_interfaces/local/lib/python3.10/dist-packages/custom_interfaces/msg/__init__.py
[2.701s] -- Installing: /home/robo/ArduinoAndROS2Communication/install/custom_interfaces/local/lib/python3.10/dist-packages/custom_interfaces/msg/_robot_state_s.c
[2.701s] -- Installing: /home/robo/ArduinoAndROS2Communication/install/custom_interfaces/local/lib/python3.10/dist-packages/custom_interfaces/msg/_robot_state.py
[2.701s] -- Installing: /home/robo/ArduinoAndROS2Communication/install/custom_interfaces/local/lib/python3.10/dist-packages/custom_interfaces/custom_interfaces_s__rosidl_typesupport_c.cpython-310-x86_64-linux-gnu.so
[2.701s] -- Installing: /home/robo/ArduinoAndROS2Communication/install/custom_interfaces/local/lib/python3.10/dist-packages/custom_interfaces/custom_interfaces_s__rosidl_typesupport_introspection_c.cpython-310-x86_64-linux-gnu.so
[2.728s] Listing '/home/robo/ArduinoAndROS2Communication/install/custom_interfaces/local/lib/python3.10/dist-packages/custom_interfaces'...
[2.728s] Compiling '/home/robo/ArduinoAndROS2Communication/install/custom_interfaces/local/lib/python3.10/dist-packages/custom_interfaces/__init__.py'...
[2.728s] Listing '/home/robo/ArduinoAndROS2Communication/install/custom_interfaces/local/lib/python3.10/dist-packages/custom_interfaces/msg'...
[2.729s] Compiling '/home/robo/ArduinoAndROS2Communication/install/custom_interfaces/local/lib/python3.10/dist-packages/custom_interfaces/msg/__init__.py'...
[2.729s] Compiling '/home/robo/ArduinoAndROS2Communication/install/custom_interfaces/local/lib/python3.10/dist-packages/custom_interfaces/msg/_robot_state.py'...
[2.732s] -- Installing: /home/robo/ArduinoAndROS2Communication/install/custom_interfaces/local/lib/python3.10/dist-packages/custom_interfaces/custom_interfaces_s__rosidl_typesupport_fastrtps_c.cpython-310-x86_64-linux-gnu.so
[2.732s] -- Set runtime path of "/home/robo/ArduinoAndROS2Communication/install/custom_interfaces/local/lib/python3.10/dist-packages/custom_interfaces/custom_interfaces_s__rosidl_typesupport_fastrtps_c.cpython-310-x86_64-linux-gnu.so" to ""
[2.732s] -- Installing: /home/robo/ArduinoAndROS2Communication/install/custom_interfaces/local/lib/python3.10/dist-packages/custom_interfaces/custom_interfaces_s__rosidl_typesupport_introspection_c.cpython-310-x86_64-linux-gnu.so
[2.732s] -- Set runtime path of "/home/robo/ArduinoAndROS2Communication/install/custom_interfaces/local/lib/python3.10/dist-packages/custom_interfaces/custom_interfaces_s__rosidl_typesupport_introspection_c.cpython-310-x86_64-linux-gnu.so" to ""
[2.733s] -- Installing: /home/robo/ArduinoAndROS2Communication/install/custom_interfaces/local/lib/python3.10/dist-packages/custom_interfaces/custom_interfaces_s__rosidl_typesupport_c.cpython-310-x86_64-linux-gnu.so
[2.733s] -- Set runtime path of "/home/robo/ArduinoAndROS2Communication/install/custom_interfaces/local/lib/python3.10/dist-packages/custom_interfaces/custom_interfaces_s__rosidl_typesupport_c.cpython-310-x86_64-linux-gnu.so" to ""
[2.733s] -- Installing: /home/robo/ArduinoAndROS2Communication/install/custom_interfaces/lib/libcustom_interfaces__rosidl_generator_py.so
[2.733s] -- Set runtime path of "/home/robo/ArduinoAndROS2Communication/install/custom_interfaces/lib/libcustom_interfaces__rosidl_generator_py.so" to ""
[2.733s] -- Installing: /home/robo/ArduinoAndROS2Communication/install/custom_interfaces/share/custom_interfaces/msg/RobotState.idl
[2.733s] -- Installing: /home/robo/ArduinoAndROS2Communication/install/custom_interfaces/share/custom_interfaces/msg/RobotState.msg
[2.733s] -- Installing: /home/robo/ArduinoAndROS2Communication/install/custom_interfaces/share/ament_index/resource_index/package_run_dependencies/custom_interfaces
[2.733s] -- Installing: /home/robo/ArduinoAndROS2Communication/install/custom_interfaces/share/ament_index/resource_index/parent_prefix_path/custom_interfaces
[2.733s] -- Installing: /home/robo/ArduinoAndROS2Communication/install/custom_interfaces/share/custom_interfaces/environment/ament_prefix_path.sh
[2.733s] -- Installing: /home/robo/ArduinoAndROS2Communication/install/custom_interfaces/share/custom_interfaces/environment/ament_prefix_path.dsv
[2.733s] -- Installing: /home/robo/ArduinoAndROS2Communication/install/custom_interfaces/share/custom_interfaces/environment/path.sh
[2.733s] -- Installing: /home/robo/ArduinoAndROS2Communication/install/custom_interfaces/share/custom_interfaces/environment/path.dsv
[2.734s] -- Installing: /home/robo/ArduinoAndROS2Communication/install/custom_interfaces/share/custom_interfaces/local_setup.bash
[2.734s] -- Installing: /home/robo/ArduinoAndROS2Communication/install/custom_interfaces/share/custom_interfaces/local_setup.sh
[2.734s] -- Installing: /home/robo/ArduinoAndROS2Communication/install/custom_interfaces/share/custom_interfaces/local_setup.zsh
[2.734s] -- Installing: /home/robo/ArduinoAndROS2Communication/install/custom_interfaces/share/custom_interfaces/local_setup.dsv
[2.734s] -- Installing: /home/robo/ArduinoAndROS2Communication/install/custom_interfaces/share/custom_interfaces/package.dsv
[2.734s] -- Installing: /home/robo/ArduinoAndROS2Communication/install/custom_interfaces/share/ament_index/resource_index/packages/custom_interfaces
[2.734s] -- Installing: /home/robo/ArduinoAndROS2Communication/install/custom_interfaces/share/custom_interfaces/cmake/export_custom_interfaces__rosidl_generator_cExport.cmake
[2.734s] -- Installing: /home/robo/ArduinoAndROS2Communication/install/custom_interfaces/share/custom_interfaces/cmake/export_custom_interfaces__rosidl_generator_cExport-noconfig.cmake
[2.734s] -- Installing: /home/robo/ArduinoAndROS2Communication/install/custom_interfaces/share/custom_interfaces/cmake/export_custom_interfaces__rosidl_typesupport_fastrtps_cExport.cmake
[2.734s] -- Installing: /home/robo/ArduinoAndROS2Communication/install/custom_interfaces/share/custom_interfaces/cmake/export_custom_interfaces__rosidl_typesupport_fastrtps_cExport-noconfig.cmake
[2.734s] -- Installing: /home/robo/ArduinoAndROS2Communication/install/custom_interfaces/share/custom_interfaces/cmake/custom_interfaces__rosidl_typesupport_introspection_cExport.cmake
[2.734s] -- Installing: /home/robo/ArduinoAndROS2Communication/install/custom_interfaces/share/custom_interfaces/cmake/custom_interfaces__rosidl_typesupport_introspection_cExport-noconfig.cmake
[2.734s] -- Installing: /home/robo/ArduinoAndROS2Communication/install/custom_interfaces/share/custom_interfaces/cmake/custom_interfaces__rosidl_typesupport_cExport.cmake
[2.734s] -- Installing: /home/robo/ArduinoAndROS2Communication/install/custom_interfaces/share/custom_interfaces/cmake/custom_interfaces__rosidl_typesupport_cExport-noconfig.cmake
[2.735s] -- Installing: /home/robo/ArduinoAndROS2Communication/install/custom_interfaces/share/custom_interfaces/cmake/export_custom_interfaces__rosidl_generator_cppExport.cmake
[2.735s] -- Installing: /home/robo/ArduinoAndROS2Communication/install/custom_interfaces/share/custom_interfaces/cmake/export_custom_interfaces__rosidl_typesupport_fastrtps_cppExport.cmake
[2.735s] -- Installing: /home/robo/ArduinoAndROS2Communication/install/custom_interfaces/share/custom_interfaces/cmake/export_custom_interfaces__rosidl_typesupport_fastrtps_cppExport-noconfig.cmake
[2.735s] -- Installing: /home/robo/ArduinoAndROS2Communication/install/custom_interfaces/share/custom_interfaces/cmake/custom_interfaces__rosidl_typesupport_introspection_cppExport.cmake
[2.735s] -- Installing: /home/robo/ArduinoAndROS2Communication/install/custom_interfaces/share/custom_interfaces/cmake/custom_interfaces__rosidl_typesupport_introspection_cppExport-noconfig.cmake
[2.735s] -- Installing: /home/robo/ArduinoAndROS2Communication/install/custom_interfaces/share/custom_interfaces/cmake/custom_interfaces__rosidl_typesupport_cppExport.cmake
[2.735s] -- Installing: /home/robo/ArduinoAndROS2Communication/install/custom_interfaces/share/custom_interfaces/cmake/custom_interfaces__rosidl_typesupport_cppExport-noconfig.cmake
[2.735s] -- Installing: /home/robo/ArduinoAndROS2Communication/install/custom_interfaces/share/custom_interfaces/cmake/export_custom_interfaces__rosidl_generator_pyExport.cmake
[2.735s] -- Installing: /home/robo/ArduinoAndROS2Communication/install/custom_interfaces/share/custom_interfaces/cmake/export_custom_interfaces__rosidl_generator_pyExport-noconfig.cmake
[2.735s] -- Installing: /home/robo/ArduinoAndROS2Communication/install/custom_interfaces/share/custom_interfaces/cmake/rosidl_cmake-extras.cmake
[2.735s] -- Installing: /home/robo/ArduinoAndROS2Communication/install/custom_interfaces/share/custom_interfaces/cmake/ament_cmake_export_include_directories-extras.cmake
[2.735s] -- Installing: /home/robo/ArduinoAndROS2Communication/install/custom_interfaces/share/custom_interfaces/cmake/ament_cmake_export_libraries-extras.cmake
[2.735s] -- Installing: /home/robo/ArduinoAndROS2Communication/install/custom_interfaces/share/custom_interfaces/cmake/ament_cmake_export_targets-extras.cmake
[2.736s] -- Installing: /home/robo/ArduinoAndROS2Communication/install/custom_interfaces/share/custom_interfaces/cmake/rosidl_cmake_export_typesupport_targets-extras.cmake
[2.736s] -- Installing: /home/robo/ArduinoAndROS2Communication/install/custom_interfaces/share/custom_interfaces/cmake/ament_cmake_export_dependencies-extras.cmake
[2.736s] -- Installing: /home/robo/ArduinoAndROS2Communication/install/custom_interfaces/share/custom_interfaces/cmake/rosidl_cmake_export_typesupport_libraries-extras.cmake
[2.736s] -- Installing: /home/robo/ArduinoAndROS2Communication/install/custom_interfaces/share/custom_interfaces/cmake/custom_interfacesConfig.cmake
[2.736s] -- Installing: /home/robo/ArduinoAndROS2Communication/install/custom_interfaces/share/custom_interfaces/cmake/custom_interfacesConfig-version.cmake
[2.736s] -- Installing: /home/robo/ArduinoAndROS2Communication/install/custom_interfaces/share/custom_interfaces/package.xml
[2.739s] Invoked command in '/home/robo/ArduinoAndROS2Communication/build/custom_interfaces' returned '0': CMAKE_PREFIX_PATH=/opt/ros/humble /usr/bin/cmake --install /home/robo/ArduinoAndROS2Communication/build/custom_interfaces
