running develop
/usr/lib/python3/dist-packages/setuptools/command/easy_install.py:158: EasyInstallDeprecationWarning: easy_install command is deprecated. Use build and pip and other standards-based tools.
  warnings.warn(
Removing /home/robo/ArduinoAndROS2Communication/install/arduino_communication/lib/python3.10/site-packages/arduino-communication.egg-link (link to .)
running egg_info
writing ../../build/arduino_communication/arduino_communication.egg-info/PKG-INFO
writing dependency_links to ../../build/arduino_communication/arduino_communication.egg-info/dependency_links.txt
writing entry points to ../../build/arduino_communication/arduino_communication.egg-info/entry_points.txt
writing requirements to ../../build/arduino_communication/arduino_communication.egg-info/requires.txt
writing top-level names to ../../build/arduino_communication/arduino_communication.egg-info/top_level.txt
reading manifest file '../../build/arduino_communication/arduino_communication.egg-info/SOURCES.txt'
adding license file 'LICENSE'
writing manifest file '../../build/arduino_communication/arduino_communication.egg-info/SOURCES.txt'
running build
running build_py
creating /home/robo/ArduinoAndROS2Communication/build/arduino_communication/build
creating /home/robo/ArduinoAndROS2Communication/build/arduino_communication/build/lib
creating /home/robo/ArduinoAndROS2Communication/build/arduino_communication/build/lib/arduino_communication
copying arduino_communication/__init__.py -> /home/robo/ArduinoAndROS2Communication/build/arduino_communication/build/lib/arduino_communication
copying arduino_communication/serial_node_arduino.py -> /home/robo/ArduinoAndROS2Communication/build/arduino_communication/build/lib/arduino_communication
running install
running install_lib
creating /home/robo/ArduinoAndROS2Communication/install/arduino_communication/lib/python3.10/site-packages/arduino_communication
copying /home/robo/ArduinoAndROS2Communication/build/arduino_communication/build/lib/arduino_communication/__init__.py -> /home/robo/ArduinoAndROS2Communication/install/arduino_communication/lib/python3.10/site-packages/arduino_communication
copying /home/robo/ArduinoAndROS2Communication/build/arduino_communication/build/lib/arduino_communication/serial_node_arduino.py -> /home/robo/ArduinoAndROS2Communication/install/arduino_communication/lib/python3.10/site-packages/arduino_communication
byte-compiling /home/robo/ArduinoAndROS2Communication/install/arduino_communication/lib/python3.10/site-packages/arduino_communication/__init__.py to __init__.cpython-310.pyc
byte-compiling /home/robo/ArduinoAndROS2Communication/install/arduino_communication/lib/python3.10/site-packages/arduino_communication/serial_node_arduino.py to serial_node_arduino.cpython-310.pyc
running install_data
copying resource/arduino_communication -> /home/robo/ArduinoAndROS2Communication/install/arduino_communication/share/ament_index/resource_index/packages
copying package.xml -> /home/robo/ArduinoAndROS2Communication/install/arduino_communication/share/arduino_communication
running install_egg_info
Copying ../../build/arduino_communication/arduino_communication.egg-info to /home/robo/ArduinoAndROS2Communication/install/arduino_communication/lib/python3.10/site-packages/arduino_communication-0.0.0-py3.10.egg-info
running install_scripts
Installing serial_node_arduino script to /home/robo/ArduinoAndROS2Communication/install/arduino_communication/lib/arduino_communication
writing list of installed files to '/home/robo/ArduinoAndROS2Communication/build/arduino_communication/install.log'
