[0.437s] Invoking command in '/home/robo/ArduinoAndROS2Communication/build/arduino_communication': PYTHONPATH=/home/robo/ArduinoAndROS2Communication/build/arduino_communication/prefix_override:/usr/lib/python3/dist-packages/colcon_core/task/python/colcon_distutils_commands:/home/robo/ArduinoAndROS2Communication/install/arduino_communication/lib/python3.10/site-packages:${PYTHONPATH} /usr/bin/python3 -W ignore:setup.py install is deprecated setup.py develop --uninstall --editable --build-directory /home/robo/ArduinoAndROS2Communication/build/arduino_communication/build
[0.620s] running develop
[0.620s] /usr/lib/python3/dist-packages/setuptools/command/easy_install.py:158: EasyInstallDeprecationWarning: easy_install command is deprecated. Use build and pip and other standards-based tools.
[0.620s]   warnings.warn(
[0.741s] Removing /home/robo/ArduinoAndROS2Communication/install/arduino_communication/lib/python3.10/site-packages/arduino-communication.egg-link (link to .)
[0.769s] Invoked command in '/home/robo/ArduinoAndROS2Communication/build/arduino_communication' returned '0': PYTHONPATH=/home/robo/ArduinoAndROS2Communication/build/arduino_communication/prefix_override:/usr/lib/python3/dist-packages/colcon_core/task/python/colcon_distutils_commands:/home/robo/ArduinoAndROS2Communication/install/arduino_communication/lib/python3.10/site-packages:${PYTHONPATH} /usr/bin/python3 -W ignore:setup.py install is deprecated setup.py develop --uninstall --editable --build-directory /home/robo/ArduinoAndROS2Communication/build/arduino_communication/build
[0.771s] Invoking command in '/home/robo/ArduinoAndROS2Communication/src/arduino_communication': PYTHONPATH=/home/robo/ArduinoAndROS2Communication/build/arduino_communication/prefix_override:/usr/lib/python3/dist-packages/colcon_core/task/python/colcon_distutils_commands:/home/robo/ArduinoAndROS2Communication/install/arduino_communication/lib/python3.10/site-packages:${PYTHONPATH} /usr/bin/python3 -W ignore:setup.py install is deprecated setup.py egg_info --egg-base ../../build/arduino_communication build --build-base /home/robo/ArduinoAndROS2Communication/build/arduino_communication/build install --record /home/robo/ArduinoAndROS2Communication/build/arduino_communication/install.log --single-version-externally-managed install_data --force
[0.964s] running egg_info
[0.965s] writing ../../build/arduino_communication/arduino_communication.egg-info/PKG-INFO
[0.965s] writing dependency_links to ../../build/arduino_communication/arduino_communication.egg-info/dependency_links.txt
[0.965s] writing entry points to ../../build/arduino_communication/arduino_communication.egg-info/entry_points.txt
[0.965s] writing requirements to ../../build/arduino_communication/arduino_communication.egg-info/requires.txt
[0.965s] writing top-level names to ../../build/arduino_communication/arduino_communication.egg-info/top_level.txt
[0.967s] reading manifest file '../../build/arduino_communication/arduino_communication.egg-info/SOURCES.txt'
[0.967s] adding license file 'LICENSE'
[0.967s] writing manifest file '../../build/arduino_communication/arduino_communication.egg-info/SOURCES.txt'
[0.967s] running build
[0.967s] running build_py
[0.968s] creating /home/robo/ArduinoAndROS2Communication/build/arduino_communication/build
[0.968s] creating /home/robo/ArduinoAndROS2Communication/build/arduino_communication/build/lib
[0.968s] creating /home/robo/ArduinoAndROS2Communication/build/arduino_communication/build/lib/arduino_communication
[0.968s] copying arduino_communication/__init__.py -> /home/robo/ArduinoAndROS2Communication/build/arduino_communication/build/lib/arduino_communication
[0.968s] copying arduino_communication/serial_node_arduino.py -> /home/robo/ArduinoAndROS2Communication/build/arduino_communication/build/lib/arduino_communication
[0.968s] running install
[0.968s] running install_lib
[0.969s] creating /home/robo/ArduinoAndROS2Communication/install/arduino_communication/lib/python3.10/site-packages/arduino_communication
[0.969s] copying /home/robo/ArduinoAndROS2Communication/build/arduino_communication/build/lib/arduino_communication/__init__.py -> /home/robo/ArduinoAndROS2Communication/install/arduino_communication/lib/python3.10/site-packages/arduino_communication
[0.969s] copying /home/robo/ArduinoAndROS2Communication/build/arduino_communication/build/lib/arduino_communication/serial_node_arduino.py -> /home/robo/ArduinoAndROS2Communication/install/arduino_communication/lib/python3.10/site-packages/arduino_communication
[0.969s] byte-compiling /home/robo/ArduinoAndROS2Communication/install/arduino_communication/lib/python3.10/site-packages/arduino_communication/__init__.py to __init__.cpython-310.pyc
[0.969s] byte-compiling /home/robo/ArduinoAndROS2Communication/install/arduino_communication/lib/python3.10/site-packages/arduino_communication/serial_node_arduino.py to serial_node_arduino.cpython-310.pyc
[0.970s] running install_data
[0.970s] copying resource/arduino_communication -> /home/robo/ArduinoAndROS2Communication/install/arduino_communication/share/ament_index/resource_index/packages
[0.971s] copying package.xml -> /home/robo/ArduinoAndROS2Communication/install/arduino_communication/share/arduino_communication
[0.971s] running install_egg_info
[0.972s] Copying ../../build/arduino_communication/arduino_communication.egg-info to /home/robo/ArduinoAndROS2Communication/install/arduino_communication/lib/python3.10/site-packages/arduino_communication-0.0.0-py3.10.egg-info
[0.973s] running install_scripts
[0.989s] Installing serial_node_arduino script to /home/robo/ArduinoAndROS2Communication/install/arduino_communication/lib/arduino_communication
[0.990s] writing list of installed files to '/home/robo/ArduinoAndROS2Communication/build/arduino_communication/install.log'
[1.019s] Invoked command in '/home/robo/ArduinoAndROS2Communication/src/arduino_communication' returned '0': PYTHONPATH=/home/robo/ArduinoAndROS2Communication/build/arduino_communication/prefix_override:/usr/lib/python3/dist-packages/colcon_core/task/python/colcon_distutils_commands:/home/robo/ArduinoAndROS2Communication/install/arduino_communication/lib/python3.10/site-packages:${PYTHONPATH} /usr/bin/python3 -W ignore:setup.py install is deprecated setup.py egg_info --egg-base ../../build/arduino_communication build --build-base /home/robo/ArduinoAndROS2Communication/build/arduino_communication/build install --record /home/robo/ArduinoAndROS2Communication/build/arduino_communication/install.log --single-version-externally-managed install_data --force
