[0.456s] Invoking command in '/home/robo/ArduinoAndROS2Communication/src/arduino_communication': PYTHONPATH=/home/robo/ArduinoAndROS2Communication/build/arduino_communication/prefix_override:/usr/lib/python3/dist-packages/colcon_core/task/python/colcon_distutils_commands:/home/robo/ArduinoAndROS2Communication/install/arduino_communication/lib/python3.10/site-packages:${PYTHONPATH} /usr/bin/python3 -W ignore:setup.py install is deprecated setup.py egg_info --egg-base ../../build/arduino_communication build --build-base /home/robo/ArduinoAndROS2Communication/build/arduino_communication/build install --record /home/robo/ArduinoAndROS2Communication/build/arduino_communication/install.log --single-version-externally-managed install_data
[0.640s] running egg_info
[0.640s] writing ../../build/arduino_communication/arduino_communication.egg-info/PKG-INFO
[0.640s] writing dependency_links to ../../build/arduino_communication/arduino_communication.egg-info/dependency_links.txt
[0.641s] writing entry points to ../../build/arduino_communication/arduino_communication.egg-info/entry_points.txt
[0.641s] writing requirements to ../../build/arduino_communication/arduino_communication.egg-info/requires.txt
[0.641s] writing top-level names to ../../build/arduino_communication/arduino_communication.egg-info/top_level.txt
[0.643s] reading manifest file '../../build/arduino_communication/arduino_communication.egg-info/SOURCES.txt'
[0.644s] adding license file 'LICENSE'
[0.644s] writing manifest file '../../build/arduino_communication/arduino_communication.egg-info/SOURCES.txt'
[0.644s] running build
[0.644s] running build_py
[0.644s] running install
[0.644s] running install_lib
[0.645s] running install_data
[0.645s] running install_egg_info
[0.647s] removing '/home/robo/ArduinoAndROS2Communication/install/arduino_communication/lib/python3.10/site-packages/arduino_communication-0.0.0-py3.10.egg-info' (and everything under it)
[0.647s] Copying ../../build/arduino_communication/arduino_communication.egg-info to /home/robo/ArduinoAndROS2Communication/install/arduino_communication/lib/python3.10/site-packages/arduino_communication-0.0.0-py3.10.egg-info
[0.647s] running install_scripts
[0.662s] Installing serial_node_arduino script to /home/robo/ArduinoAndROS2Communication/install/arduino_communication/lib/arduino_communication
[0.662s] writing list of installed files to '/home/robo/ArduinoAndROS2Communication/build/arduino_communication/install.log'
[0.681s] Invoked command in '/home/robo/ArduinoAndROS2Communication/src/arduino_communication' returned '0': PYTHONPATH=/home/robo/ArduinoAndROS2Communication/build/arduino_communication/prefix_override:/usr/lib/python3/dist-packages/colcon_core/task/python/colcon_distutils_commands:/home/robo/ArduinoAndROS2Communication/install/arduino_communication/lib/python3.10/site-packages:${PYTHONPATH} /usr/bin/python3 -W ignore:setup.py install is deprecated setup.py egg_info --egg-base ../../build/arduino_communication build --build-base /home/robo/ArduinoAndROS2Communication/build/arduino_communication/build install --record /home/robo/ArduinoAndROS2Communication/build/arduino_communication/install.log --single-version-externally-managed install_data
